<html>
<body>
<pre>
<h1>礦ision Build Log</h1>
<h2>Tool Versions:</h2>
IDE-Version: μVision V5.27.1.0
Copyright (C) 2019 ARM Ltd and ARM Germany GmbH. All rights reserved.
License Information: 1 Microsoft, Microsoft, LIC=RC9MM-XDV1G-X5GT0-BC3RQ-XJRC9-EJ6G3
 
Tool Versions:
Toolchain:       MDK-ARM Plus  Version: 5.27.1.0
Toolchain Path:  D:\Keil_v5\ARM\ARMCC\Bin
C Compiler:      Armcc.exe V5.06 update 6 (build 750)
Assembler:       Armasm.exe V5.06 update 6 (build 750)
Linker/Locator:  ArmLink.exe V5.06 update 6 (build 750)
Library Manager: ArmAr.exe V5.06 update 6 (build 750)
Hex Converter:   FromElf.exe V5.06 update 6 (build 750)
CPU DLL:         SARMCM3.DLL V5.27.1.0
Dialog DLL:      DCM.DLL V1.17.2.0
Target DLL:      CMSIS_AGDI.dll V1.31.17.0
Dialog DLL:      TCM.DLL V1.36.1.0
 
<h2>Project:</h2>
F:\桌面文件\BIGTREETECH_TFT35_V3.0\TFT24-28-35-Code-备份-ok\MDK_Project\Project\TFT35_V1.uvproj
Project File Date:  07/15/2019

<h2>Output:</h2>
*** Using Compiler 'V5.06 update 6 (build 750)', folder: 'D:\Keil_v5\ARM\ARMCC\Bin'
Build target 'Template'
compiling main.c...
linking...
Program Size: Code=56424 RO-data=10232 RW-data=4112 ZI-data=43264  
FromELF: creating hex file...
After Build - User command #1: ..\axf2bin.bat BIGTREE_TFT35_V3.0.20
F:\桌面文件\BIGTREETECH_TFT35_V3.0\TFT24-28-35-Code-备份-ok\MDK_Project\Project>D:\Keil_v5\ARM\ARMCC\bin\fromelf.exe   --bin -o ..\BIGTREE_TFT35_V3.0.20.bin .\Objects\Template.axf 
F:\桌面文件\BIGTREETECH_TFT35_V3.0\TFT24-28-35-Code-备份-ok\MDK_Project\Project>copy .\Objects\Template.hex ..\BIGTREE_TFT35_V3.0.20.hex 
已复制         1 个文件。
".\Objects\Template.axf" - 0 Error(s), 0 Warning(s).
Build Time Elapsed:  00:00:03
</pre>
</body>
</html>
