Component: ARM Compiler 5.06 update 6 (build 750) Tool: armlink [4d35ed]

==============================================================================

Section Cross References

    startup_stm32f10x_cl.o(RESET) refers to startup_stm32f10x_cl.o(STACK) for __initial_sp
    startup_stm32f10x_cl.o(RESET) refers to startup_stm32f10x_cl.o(.text) for Reset_Handler
    startup_stm32f10x_cl.o(RESET) refers to os_timer.o(i.TIM4_IRQHandler) for TIM4_IRQHandler
    startup_stm32f10x_cl.o(RESET) refers to spi_slave.o(i.SPI2_IRQHandler) for SPI2_IRQHandler
    startup_stm32f10x_cl.o(RESET) refers to serial.o(i.USART1_IRQHandler) for USART1_IRQHandler
    startup_stm32f10x_cl.o(RESET) refers to serial.o(i.USART2_IRQHandler) for USART2_IRQHandler
    startup_stm32f10x_cl.o(RESET) refers to serial.o(i.USART3_IRQHandler) for USART3_IRQHandler
    startup_stm32f10x_cl.o(RESET) refers to spi_slave.o(i.EXTI15_10_IRQHandler) for EXTI15_10_IRQHandler
    startup_stm32f10x_cl.o(RESET) refers to serial.o(i.UART4_IRQHandler) for UART4_IRQHandler
    startup_stm32f10x_cl.o(RESET) refers to serial.o(i.UART5_IRQHandler) for UART5_IRQHandler
    startup_stm32f10x_cl.o(.text) refers to system_stm32f10x.o(i.SystemInit) for SystemInit
    startup_stm32f10x_cl.o(.text) refers to entry.o(.ARM.Collect$$$$00000000) for __main
    system_stm32f10x.o(i.SetSysClock) refers to system_stm32f10x.o(i.SetSysClockTo72) for SetSysClockTo72
    system_stm32f10x.o(i.SystemCoreClockUpdate) refers to system_stm32f10x.o(.data) for SystemCoreClock
    system_stm32f10x.o(i.SystemInit) refers to system_stm32f10x.o(i.SetSysClock) for SetSysClock
    stm32f10x_adc.o(i.ADC_DeInit) refers to stm32f10x_rcc.o(i.RCC_APB2PeriphResetCmd) for RCC_APB2PeriphResetCmd
    stm32f10x_bkp.o(i.BKP_DeInit) refers to stm32f10x_rcc.o(i.RCC_BackupResetCmd) for RCC_BackupResetCmd
    stm32f10x_can.o(i.CAN_DeInit) refers to stm32f10x_rcc.o(i.RCC_APB1PeriphResetCmd) for RCC_APB1PeriphResetCmd
    stm32f10x_can.o(i.CAN_GetITStatus) refers to stm32f10x_can.o(i.CheckITStatus) for CheckITStatus
    stm32f10x_cec.o(i.CEC_DeInit) refers to stm32f10x_rcc.o(i.RCC_APB1PeriphResetCmd) for RCC_APB1PeriphResetCmd
    stm32f10x_dac.o(i.DAC_DeInit) refers to stm32f10x_rcc.o(i.RCC_APB1PeriphResetCmd) for RCC_APB1PeriphResetCmd
    stm32f10x_flash.o(i.FLASH_EnableWriteProtection) refers to stm32f10x_flash.o(i.FLASH_WaitForLastOperation) for FLASH_WaitForLastOperation
    stm32f10x_flash.o(i.FLASH_EraseAllBank1Pages) refers to stm32f10x_flash.o(i.FLASH_WaitForLastBank1Operation) for FLASH_WaitForLastBank1Operation
    stm32f10x_flash.o(i.FLASH_EraseAllPages) refers to stm32f10x_flash.o(i.FLASH_WaitForLastOperation) for FLASH_WaitForLastOperation
    stm32f10x_flash.o(i.FLASH_EraseOptionBytes) refers to stm32f10x_flash.o(i.FLASH_GetReadOutProtectionStatus) for FLASH_GetReadOutProtectionStatus
    stm32f10x_flash.o(i.FLASH_EraseOptionBytes) refers to stm32f10x_flash.o(i.FLASH_WaitForLastOperation) for FLASH_WaitForLastOperation
    stm32f10x_flash.o(i.FLASH_ErasePage) refers to stm32f10x_flash.o(i.FLASH_WaitForLastOperation) for FLASH_WaitForLastOperation
    stm32f10x_flash.o(i.FLASH_ProgramHalfWord) refers to stm32f10x_flash.o(i.FLASH_WaitForLastOperation) for FLASH_WaitForLastOperation
    stm32f10x_flash.o(i.FLASH_ProgramOptionByteData) refers to stm32f10x_flash.o(i.FLASH_WaitForLastOperation) for FLASH_WaitForLastOperation
    stm32f10x_flash.o(i.FLASH_ProgramWord) refers to stm32f10x_flash.o(i.FLASH_WaitForLastOperation) for FLASH_WaitForLastOperation
    stm32f10x_flash.o(i.FLASH_ReadOutProtection) refers to stm32f10x_flash.o(i.FLASH_WaitForLastOperation) for FLASH_WaitForLastOperation
    stm32f10x_flash.o(i.FLASH_UserOptionByteConfig) refers to stm32f10x_flash.o(i.FLASH_WaitForLastOperation) for FLASH_WaitForLastOperation
    stm32f10x_flash.o(i.FLASH_WaitForLastBank1Operation) refers to stm32f10x_flash.o(i.FLASH_GetBank1Status) for FLASH_GetBank1Status
    stm32f10x_flash.o(i.FLASH_WaitForLastOperation) refers to stm32f10x_flash.o(i.FLASH_GetBank1Status) for FLASH_GetBank1Status
    stm32f10x_gpio.o(i.GPIO_AFIODeInit) refers to stm32f10x_rcc.o(i.RCC_APB2PeriphResetCmd) for RCC_APB2PeriphResetCmd
    stm32f10x_gpio.o(i.GPIO_DeInit) refers to stm32f10x_rcc.o(i.RCC_APB2PeriphResetCmd) for RCC_APB2PeriphResetCmd
    stm32f10x_i2c.o(i.I2C_DeInit) refers to stm32f10x_rcc.o(i.RCC_APB1PeriphResetCmd) for RCC_APB1PeriphResetCmd
    stm32f10x_i2c.o(i.I2C_Init) refers to stm32f10x_rcc.o(i.RCC_GetClocksFreq) for RCC_GetClocksFreq
    stm32f10x_pwr.o(i.PWR_DeInit) refers to stm32f10x_rcc.o(i.RCC_APB1PeriphResetCmd) for RCC_APB1PeriphResetCmd
    stm32f10x_rcc.o(i.RCC_GetClocksFreq) refers to stm32f10x_rcc.o(.data) for APBAHBPrescTable
    stm32f10x_rcc.o(i.RCC_WaitForHSEStartUp) refers to stm32f10x_rcc.o(i.RCC_GetFlagStatus) for RCC_GetFlagStatus
    stm32f10x_rtc.o(i.RTC_SetAlarm) refers to stm32f10x_rtc.o(i.RTC_EnterConfigMode) for RTC_EnterConfigMode
[...]
    heatGetCurrentTemp                       0x0800e92d   Thumb Code    14  heat.o(i.heatGetCurrentTemp)
    heatGetCurrentToolNozzle                 0x0800e941   Thumb Code     6  heat.o(i.heatGetCurrentToolNozzle)
    heatGetTargetTemp                        0x0800e94d   Thumb Code    18  heat.o(i.heatGetTargetTemp)
    heatHasWaiting                           0x0800e965   Thumb Code    34  heat.o(i.heatHasWaiting)
    heatSetCurrentTemp                       0x0800e98d   Thumb Code    34  heat.o(i.heatSetCurrentTemp)
    heatSetCurrentToolNozzle                 0x0800e9b5   Thumb Code    20  heat.o(i.heatSetCurrentToolNozzle)
    heatSetIsWaiting                         0x0800e9cd   Thumb Code    46  heat.o(i.heatSetIsWaiting)
    heatSetSendWaiting                       0x0800ea05   Thumb Code     6  heat.o(i.heatSetSendWaiting)
    heatSetTargetTemp                        0x0800ea11   Thumb Code    18  heat.o(i.heatSetTargetTemp)
    heatSetUpdateTime                        0x0800ea29   Thumb Code     6  heat.o(i.heatSetUpdateTime)
    heatSetUpdateWaiting                     0x0800ea35   Thumb Code     6  heat.o(i.heatSetUpdateWaiting)
    inRange                                  0x0800ea41   Thumb Code    22  my_misc.o(i.inRange)
    infoMenuSelect                           0x0800ea59   Thumb Code   108  mode.o(i.infoMenuSelect)
    intToString                              0x0800eb29   Thumb Code   142  my_misc.o(i.intToString)
    isArmenian                               0x0800ebb7   Thumb Code    28  language.o(i.isArmenian)
    isPause                                  0x0800ebd5   Thumb Code     8  printing.o(i.isPause)
    isPress                                  0x0800ebe1   Thumb Code     6  touch_process.o(i.isPress)
    isPrinting                               0x0800ebed   Thumb Code     8  printing.o(i.isPrinting)
    isRussia                                 0x0800ebf9   Thumb Code    28  language.o(i.isRussia)
    itemDrawIconPress                        0x0800ec15   Thumb Code    94  menu.o(i.itemDrawIconPress)
    lcd_frame_display                        0x0800ec7d   Thumb Code   106  ui_draw.o(i.lcd_frame_display)
    lcd_frame_segment_display                0x0800eced   Thumb Code   168  ui_draw.o(i.lcd_frame_segment_display)
    limitValue                               0x0800ee49   Thumb Code    22  my_misc.o(i.limitValue)
    loopBusySignClear                        0x0800ef79   Thumb Code   112  menu.o(i.loopBusySignClear)
    loopCheckHeater                          0x0800efed   Thumb Code   210  heat.o(i.loopCheckHeater)
    loopProcess                              0x0800f0e1   Thumb Code    36  menu.o(i.loopProcess)
    loopReminderClear                        0x0800f105   Thumb Code    96  menu.o(i.loopReminderClear)
    loopTouchScreen                          0x0800f175   Thumb Code    48  touch_process.o(i.loopTouchScreen)
    loopVolumeReminderClear                  0x0800f1ad   Thumb Code    58  menu.o(i.loopVolumeReminderClear)
    loopVolumeSource                         0x0800f1f1   Thumb Code   144  vfs.o(i.loopVolumeSource)
    main                                     0x0800f291   Thumb Code    28  main_1.o(i.main)
    malloc                                   0x0800f2b9   Thumb Code    92  malloc.o(i.malloc)
    map                                      0x0800f325   Thumb Code    22  my_misc.o(i.map)
    menuBabyStep                             0x0800f38d   Thumb Code   392  babystep.o(i.menuBabyStep)
    menuBeforePrinting                       0x0800f549   Thumb Code   174  printing.o(i.menuBeforePrinting)
    menuClearGaps                            0x0800f60d   Thumb Code    70  menu.o(i.menuClearGaps)
    menuDisconnect                           0x0800f659   Thumb Code   118  settings.o(i.menuDisconnect)
    menuDrawItem                             0x0800f6d9   Thumb Code   116  menu.o(i.menuDrawItem)
    menuDrawPage                             0x0800f751   Thumb Code    52  menu.o(i.menuDrawPage)
    menuDrawTitle                            0x0800f791   Thumb Code    98  menu.o(i.menuDrawTitle)
    menuExtrude                              0x0800f7f9   Thumb Code   420  extrude.o(i.menuExtrude)
    menuFan                                  0x0800f9f5   Thumb Code   306  fan.o(i.menuFan)
    menuHeat                                 0x0800fb49   Thumb Code   668  heat.o(i.menuHeat)
    menuHome                                 0x0800fe15   Thumb Code   114  home.o(i.menuHome)
    menuInfo                                 0x0800feb1   Thumb Code   154  settings.o(i.menuInfo)
    menuKeyGetValue                          0x0800ff99   Thumb Code    12  menu.o(i.menuKeyGetValue)
    menuMain                                 0x0800ffa9   Thumb Code   248  mainpage.o(i.menuMain)
    menuMove                                 0x080100d5   Thumb Code   334  move.o(i.menuMove)
    menuPopup                                0x08010299   Thumb Code    66  popup.o(i.menuPopup)
    menuPowerOff                             0x080102e5   Thumb Code   236  powerfailed.o(i.menuPowerOff)
    menuPrint                                0x080103e9   Thumb Code   180  print.o(i.menuPrint)
    menuPrintFromSource                      0x080104b1   Thumb Code   608  print.o(i.menuPrintFromSource)
    menuPrinting                             0x08010739   Thumb Code   594  printing.o(i.menuPrinting)
    menuST7920                               0x080109b1   Thumb Code   136  st7920_simulator.o(i.menuST7920)
    menuSettings                             0x08010a59   Thumb Code   328  settings.o(i.menuSettings)
    menuSpeed                                0x08010bc9   Thumb Code   480  speed.o(i.menuSpeed)
    menuStopPrinting                         0x08010dd9   Thumb Code   140  printing.o(i.menuStopPrinting)
    min                                      0x08010e71   Thumb Code    14  gui.o(i.min)
    mountFS                                  0x08010e81   Thumb Code    42  vfs.o(i.mountFS)
    mountGcodeSDCard                         0x08010eb1   Thumb Code     8  mygcodefs.o(i.mountGcodeSDCard)
    mountSDCard                              0x08010eb9   Thumb Code    22  myfatfs.o(i.mountSDCard)
    mountUDisk                               0x08010ed9   Thumb Code    40  myfatfs.o(i.mountUDisk)
    moveCacheToCmd                           0x08010f11   Thumb Code    96  interfacecmd.o(i.moveCacheToCmd)
    mustStoreCacheCmd                        0x08010fb1   Thumb Code    96  interfacecmd.o(i.mustStoreCacheCmd)
    mustStoreCmd                             0x08011015   Thumb Code    96  interfacecmd.o(i.mustStoreCmd)
    my_sprintf                               0x08011079   Thumb Code    26  my_misc.o(i.my_sprintf)
    my_strlen                                0x08011093   Thumb Code    50  language.o(i.my_strlen)
    my_vsprintf                              0x080110c5   Thumb Code   576  my_misc.o(i.my_vsprintf)
    normalNameDisp                           0x08011319   Thumb Code   154  print.o(i.normalNameDisp)
    parseACK                                 0x080113b5   Thumb Code   804  parseack.o(i.parseACK)
    percentageReDraw                         0x0801173d   Thumb Code    90  speed.o(i.percentageReDraw)
    popupDrawPage                            0x0801182d   Thumb Code   134  popup.o(i.popupDrawPage)
    powerFailedCache                         0x080118c9   Thumb Code   238  powerfailed.o(i.powerFailedCache)
    powerFailedCreate                        0x080119d1   Thumb Code    66  powerfailed.o(i.powerFailedCreate)
    powerFailedDelete                        0x08011a25   Thumb Code    30  powerfailed.o(i.powerFailedDelete)
    powerFailedEnable                        0x08011a51   Thumb Code     6  powerfailed.o(i.powerFailedEnable)
    powerFailedSetDriverSource               0x08011aad   Thumb Code    22  powerfailed.o(i.powerFailedSetDriverSource)
    powerFailedlSeek                         0x08011ad9   Thumb Code    28  powerfailed.o(i.powerFailedlSeek)
    powerOffGetData                          0x08011af9   Thumb Code   368  powerfailed.o(i.powerOffGetData)
    printSetUpdateWaiting                    0x08011d15   Thumb Code     6  printing.o(i.printSetUpdateWaiting)
    printingDrawPage                         0x08011d21   Thumb Code   248  printing.o(i.printingDrawPage)
    reDrawProgress                           0x08011ffd   Thumb Code   110  printing.o(i.reDrawProgress)
    reDrawTime                               0x08012079   Thumb Code   286  printing.o(i.reDrawTime)
    reValueBed                               0x080121a1   Thumb Code    82  printing.o(i.reValueBed)
    reValueNozzle                            0x080121f9   Thumb Code   122  printing.o(i.reValueNozzle)
    readStoredPara                           0x0801227d   Thumb Code    70  flashstore.o(i.readStoredPara)
    reminderMessage                          0x080122d9   Thumb Code    60  menu.o(i.reminderMessage)
    requestHasTimeOut                        0x08012429   Thumb Code    26  gcode.o(i.requestHasTimeOut)
    requestInitTimeOut                       0x08012449   Thumb Code    12  gcode.o(i.requestInitTimeOut)
    request_M20                              0x08012459   Thumb Code    80  gcode.o(i.request_M20)
    request_M21                              0x080124e1   Thumb Code   104  gcode.o(i.request_M21)
    request_M23                              0x08012575   Thumb Code   102  gcode.o(i.request_M23)
    request_M24                              0x08012615   Thumb Code    40  gcode.o(i.request_M24)
    request_M25                              0x08012651   Thumb Code    12  gcode.o(i.request_M25)
    request_M27                              0x08012665   Thumb Code    24  gcode.o(i.request_M27)
    request_M524                             0x08012689   Thumb Code    12  gcode.o(i.request_M524)
    resetInfoFile                            0x0801269d   Thumb Code    44  vfs.o(i.resetInfoFile)
    resumeToPause                            0x080126f9   Thumb Code    32  printing.o(i.resumeToPause)
    scanPrintFiles                           0x08012721   Thumb Code    42  vfs.o(i.scanPrintFiles)
    scanPrintFilesFatFs                      0x08012751   Thumb Code   446  myfatfs.o(i.scanPrintFilesFatFs)
    scanPrintFilesGcodeFs                    0x0801292d   Thumb Code   430  mygcodefs.o(i.scanPrintFilesGcodeFs)
    scanUpdateFile                           0x08012b15   Thumb Code    52  boot.o(i.scanUpdateFile)
    scanUpdates                              0x08012b65   Thumb Code    88  boot.o(i.scanUpdates)
    scrollFileNameCreate                     0x08012c25   Thumb Code   122  print.o(i.scrollFileNameCreate)
    sendQueueCmd                             0x08012cb5   Thumb Code  1090  interfacecmd.o(i.sendQueueCmd)
    setPrintCur                              0x08013101   Thumb Code     8  printing.o(i.setPrintCur)
    setPrintPause                            0x0801310d   Thumb Code   200  printing.o(i.setPrintPause)
    setPrintingTime                          0x08013221   Thumb Code    44  printing.o(i.setPrintingTime)
    showBabyStep                             0x08013251   Thumb Code    80  babystep.o(i.showBabyStep)
    showExtrudeCoordinate                    0x080132a9   Thumb Code   136  extrude.o(i.showExtrudeCoordinate)
    showFanSpeed                             0x0801333d   Thumb Code   216  fan.o(i.showFanSpeed)
    showPercentage                           0x08013425   Thumb Code   160  speed.o(i.showPercentage)
    showTemperature                          0x080134d1   Thumb Code   382  heat.o(i.showTemperature)
    speedGetPercent                          0x0801365d   Thumb Code    10  speed.o(i.speedGetPercent)
    speedSetPercent                          0x0801366d   Thumb Code    26  speed.o(i.speedSetPercent)
    speedSetSendWaiting                      0x0801368d   Thumb Code     6  speed.o(i.speedSetSendWaiting)
    startGcodeExecute                        0x0801373d   Thumb Code     2  printing.o(i.startGcodeExecute)
    storeCmd                                 0x08013741   Thumb Code    88  interfacecmd.o(i.storeCmd)
    storePara                                0x0801379d   Thumb Code    90  flashstore.o(i.storePara)
    strtod                                   0x0801387b   Thumb Code    28  strtod.o(i.strtod)
    targetReDraw                             0x0801399d   Thumb Code    98  heat.o(i.targetReDraw)
    textSelect                               0x08013a09   Thumb Code    58  language.o(i.textSelect)
    updateFont                               0x08013a59   Thumb Code   270  boot.o(i.updateFont)
    updateIcon                               0x08013b89   Thumb Code   150  boot.o(i.updateIcon)
    volumeReminderMessage                    0x08013ca9   Thumb Code    60  menu.o(i.volumeReminderMessage)
    windowReDrawButton                       0x08013ce9   Thumb Code    62  popup.o(i.windowReDrawButton)
    axis_id                                  0x0801418c   Data           4  coordinate.o(.constdata)
    iconUpdateRect                           0x080141f8   Data           8  boot.o(.constdata)
    labelUpdateRect                          0x08014200   Data           8  boot.o(.constdata)
    iconBmpName                              0x08014208   Data        1140  boot.o(.constdata)
    en_pack                                  0x08014720   Data         332  language.o(.constdata)
    cn_pack                                  0x0801486c   Data         332  language.o(.constdata)
    ru_pack                                  0x080149b8   Data         332  language.o(.constdata)
    jp_pack                                  0x08014b04   Data         332  language.o(.constdata)
    am_pack                                  0x08014c50   Data         332  language.o(.constdata)
    de_pack                                  0x08014d9c   Data         332  language.o(.constdata)
    GUI_Pow10                                0x08014f1c   Data          40  gui.o(.constdata)
    itemBabyStepUnit                         0x08014fc4   Data          12  babystep.o(.constdata)
    item_babystep_unit                       0x08014fd0   Data          12  babystep.o(.constdata)
    itemSpeed                                0x08015010   Data          12  extrude.o(.constdata)
    item_speed                               0x0801501c   Data          12  extrude.o(.constdata)
    itemLen                                  0x08015028   Data          12  extrude.o(.constdata)
    item_len                                 0x08015034   Data           3  extrude.o(.constdata)
    fanItems                                 0x0801506c   Data          34  fan.o(.constdata)
    fanMaxPWM                                0x0801508e   Data           6  fan.o(.constdata)
    itemTool                                 0x080150c8   Data          28  heat.o(.constdata)
    itemDegree                               0x080150e4   Data          12  heat.o(.constdata)
    item_degree                              0x080150f0   Data           3  heat.o(.constdata)
    heat_max_temp                            0x080150f4   Data          14  heat.o(.constdata)
    heatDisplayID                            0x08015104   Data          28  heat.o(.constdata)
    homeItems                                0x08015154   Data          34  home.o(.constdata)
    mainPageItems                            0x080151aa   Data          34  mainpage.o(.constdata)
    exhibitRect                              0x08015200   Data           8  menu.o(.constdata)
    rect_of_key                              0x08015208   Data         128  menu.o(.constdata)
    itemMoveLen                              0x080152ec   Data          12  move.o(.constdata)
    item_move_len                            0x080152f8   Data          12  move.o(.constdata)
    labelVolumeError                         0x080153b8   Data           6  print.o(.constdata)
    itemIsPause                              0x080153f8   Data           8  printing.o(.constdata)
    progressRect                             0x08015400   Data           8  printing.o(.constdata)
    itemPercentage                           0x0801544c   Data           8  speed.o(.constdata)
    itemPercentUnit                          0x08015454   Data          12  speed.o(.constdata)
    item_percent_unit                        0x08015460   Data           3  speed.o(.constdata)
    itemBaudrate                             0x080154a0   Data           8  settings.o(.constdata)
    item_baudrate                            0x080154a8   Data           8  settings.o(.constdata)
    POW_10                                   0x080154b0   Data          40  my_misc.o(.constdata)
    __ctype_table                            0x080154d8   Data         129  ctype_o.o(.constdata)
    Region$$Table$$Base                      0x08016440   Number         0  anon$$obj.o(Region$$Table)
    Region$$Table$$Limit                     0x08016460   Number         0  anon$$obj.o(Region$$Table)
    SD_Type                                  0x20000014   Data           1  sd.o(.data)
    CS_GPIO_Port                             0x20000024   Data          12  spi.o(.data)
    CS_GPIO_Pin                              0x20000030   Data           6  spi.o(.data)
    dma_mem_buf                              0x2000004c   Data           4  serial.o(.data)
    coordinate                               0x20000064   Data          20  coordinate.o(.data)
    infoFile                                 0x20000080   Data        3072  vfs.o(.data)
    volumeInserted                           0x20000c84   Data           8  vfs.o(.data)
    timeout                                  0x20000c94   Data           4  gcode.o(.data)
    COLOR                                    0x20000c98   Data           2  gui.o(.data)
    BKCOLOR                                  0x20000c9a   Data           2  gui.o(.data)
    TSC_ReDrawIcon                           0x20000cac   Data           4  touch_process.o(.data)
    st7920                                   0x20000cc0   Data           6  st7920_simulator.o(.data)
    status                                   0x20000cc6   Data           1  st7920_simulator.o(.data)
    rcvIndex                                 0x20000cc7   Data           1  st7920_simulator.o(.data)
    babyStepItems                            0x20000ccc   Data          34  babystep.o(.data)
    extrudeItems                             0x20000cf4   Data          34  extrude.o(.data)
    tool_change                              0x20000d20   Data          24  extrude.o(.data)
    extruderDisplayID                        0x20000d38   Data          24  extrude.o(.data)
    fanID                                    0x20000d50   Data          24  fan.o(.data)
    fanCmd                                   0x20000d68   Data          24  fan.o(.data)
    heatItems                                0x20000d84   Data          34  heat.o(.data)
    toolID                                   0x20000da8   Data          28  heat.o(.data)
    heatCmd                                  0x20000dc4   Data          28  heat.o(.data)
    heatWaitCmd                              0x20000de0   Data          28  heat.o(.data)
    moveItems                                0x20000e4c   Data          34  move.o(.data)
    bottomSingleBtn                          0x20000e70   Data          28  popup.o(.data)
    bottomDoubleBtn                          0x20000e8c   Data          56  popup.o(.data)
    window                                   0x20000ec4   Data          32  popup.o(.data)
    printItems                               0x20000ef4   Data          34  print.o(.data)
    titleRect                                0x20000f16   Data           8  print.o(.data)
    gcodeRect                                0x20000f1e   Data          40  print.o(.data)
    sourceSelItems                           0x20000f46   Data          34  print.o(.data)
    printingItems                            0x20000f68   Data          34  printing.o(.data)
    percentageItems                          0x20000f98   Data          34  speed.o(.data)
    infoSettings                             0x20000fc8   Data           8  settings.o(.data)
    settingsItems                            0x20000fd0   Data          34  settings.o(.data)
    os_counter                               0x20000ff8   Data           4  os_timer.o(.data)
    infoHost                                 0x20000ffc   Data           4  main_1.o(.data)
    __microlib_freelist                      0x20001004   Data           4  mvars.o(.data)
    __microlib_freelist_initialised          0x20001008   Data           4  mvars.o(.data)
    xpt2046                                  0x20001010   Data          32  xpt2046.o(.bss)
    SPISlave                                 0x20001030   Data       10244  spi_slave.o(.bss)
    USBH_MSC_Param                           0x20003834   Data          16  usbh_msc_scsi.o(.bss)
    USBH_DataInBuffer                        0x20003844   Data         512  usbh_msc_scsi.o(.bss)
    USBH_DataOutBuffer                       0x20003a44   Data         512  usbh_msc_scsi.o(.bss)
    USB_OTG_Core                             0x20003c44   Data        1456  usbh_usr.o(.bss)
    USB_Host                                 0x200041f4   Data         148  usbh_usr.o(.bss)
    fatfs                                    0x200046e8   Data        1136  myfatfs.o(.bss)
    infoCmd                                  0x20004c78   Data        2003  interfacecmd.o(.bss)
    infoCacheCmd                             0x2000544b   Data        2003  interfacecmd.o(.bss)
    ack_rev_buf                              0x20005c1e   Data         300  parseack.o(.bss)
    requestCommandInfo                       0x20005d4a   Data        5404  gcode.o(.bss)
    TSC_Para                                 0x20007268   Data          28  touch_process.o(.bss)
    rcvData                                  0x20007284   Data          64  st7920_simulator.o(.bss)
    infoBreakPoint                           0x200072d0   Data          40  powerfailed.o(.bss)
    powerFailedFileName                      0x200072f8   Data         256  powerfailed.o(.bss)
    fpPowerFailed                            0x200073f8   Data         592  powerfailed.o(.bss)
    titleScroll                              0x20007648   Data          28  print.o(.bss)
    gcodeScroll                              0x20007664   Data          28  print.o(.bss)
    infoMenu                                 0x200078e0   Data          44  main_1.o(.bss)
    __heap_base                              0x20007910   Data           0  startup_stm32f10x_cl.o(HEAP)
    __heap_limit                             0x20009910   Data           0  startup_stm32f10x_cl.o(HEAP)
    __initial_sp                             0x2000b910   Data           0  startup_stm32f10x_cl.o(STACK)



==============================================================================

Memory Map of the image

  Image Entry point : 0x08006151

  Load Region LR_IROM1 (Base: 0x08006000, Size: 0x00011470, Max: 0x0002a000, ABSOLUTE, COMPRESSED[0x000106bc])

    Execution Region ER_IROM1 (Exec base: 0x08006000, Load base: 0x08006000, Size: 0x00010460, Max: 0x0002a000, ABSOLUTE)

    Exec Addr    Load Addr    Size         Type   Attr      Idx    E Section Name        Object

    0x08006000   0x08006000   0x00000150   Data   RO            3    RESET               startup_stm32f10x_cl.o
    0x08006150   0x08006150   0x00000000   Code   RO         6881  * .ARM.Collect$$$$00000000  mc_w.l(entry.o)
    0x08006150   0x08006150   0x00000004   Code   RO         7269    .ARM.Collect$$$$00000001  mc_w.l(entry2.o)
    0x08006154   0x08006154   0x00000004   Code   RO         7272    .ARM.Collect$$$$00000004  mc_w.l(entry5.o)
    0x08006158   0x08006158   0x00000000   Code   RO         7274    .ARM.Collect$$$$00000008  mc_w.l(entry7b.o)
    0x08006158   0x08006158   0x00000000   Code   RO         7276    .ARM.Collect$$$$0000000A  mc_w.l(entry8b.o)
    0x08006158   0x08006158   0x00000008   Code   RO         7277    .ARM.Collect$$$$0000000B  mc_w.l(entry9a.o)
    0x08006160   0x08006160   0x00000000   Code   RO         7279    .ARM.Collect$$$$0000000D  mc_w.l(entry10a.o)
    0x08006160   0x08006160   0x00000000   Code   RO         7281    .ARM.Collect$$$$0000000F  mc_w.l(entry11a.o)
    0x08006160   0x08006160   0x00000004   Code   RO         7270    .ARM.Collect$$$$00002712  mc_w.l(entry2.o)
    0x08006164   0x08006164   0x00000024   Code   RO            4    .text               startup_stm32f10x_cl.o
    0x08006188   0x08006188   0x00000062   Code   RO         6884    .text               mc_w.l(uldiv.o)
    0x080061ea   0x080061ea   0x00000024   Code   RO         6886    .text               mc_w.l(memcpya.o)
    0x0800620e   0x0800620e   0x00000024   Code   RO         6888    .text               mc_w.l(memseta.o)
    0x08006232   0x08006232   0x00000018   Code   RO         6890    .text               mc_w.l(strcat.o)
    0x0800624a   0x0800624a   0x00000024   Code   RO         6892    .text               mc_w.l(strstr.o)
    0x0800626e   0x0800626e   0x00000014   Code   RO         6894    .text               mc_w.l(strchr.o)
    0x08006282   0x08006282   0x0000000e   Code   RO         6896    .text               mc_w.l(strlen.o)
    0x08006290   0x08006290   0x0000001c   Code   RO         6898    .text               mc_w.l(strcmp.o)
    0x080062ac   0x080062ac   0x0000001a   Code   RO         6900    .text               mc_w.l(memcmp.o)
    0x080062c6   0x080062c6   0x00000012   Code   RO         6902    .text               mc_w.l(strcpy.o)
    0x080062d8   0x080062d8   0x00000044   Code   RO         6907    .text               mc_w.l(strtok_r.o)
    0x0800631c   0x0800631c   0x00000070   Code   RO         7201    .text               mc_w.l(strtol.o)
    0x0800638c   0x0800638c   0x000000b0   Code   RO         7203    .text               mf_w.l(fadd.o)
    0x0800643c   0x0800643c   0x00000064   Code   RO         7205    .text               mf_w.l(fmul.o)
    0x080064a0   0x080064a0   0x0000007c   Code   RO         7207    .text               mf_w.l(fdiv.o)
    0x0800651c   0x0800651c   0x0000014e   Code   RO         7209    .text               mf_w.l(dadd.o)
    0x0800666a   0x0800666a   0x000000e4   Code   RO         7211    .text               mf_w.l(dmul.o)
    0x0800674e   0x0800674e   0x000000de   Code   RO         7213    .text               mf_w.l(ddiv.o)
    0x0800682c   0x0800682c   0x0000000a   Code   RO         7217    .text               mf_w.l(ffltui.o)
    0x08006836   0x08006836   0x00000022   Code   RO         7219    .text               mf_w.l(dflti.o)
    0x08006858   0x08006858   0x0000001a   Code   RO         7221    .text               mf_w.l(dfltui.o)
    0x08006872   0x08006872   0x00000032   Code   RO         7223    .text               mf_w.l(ffixi.o)
    0x080068a4   0x080068a4   0x00000028   Code   RO         7225    .text               mf_w.l(ffixui.o)
    0x080068cc   0x080068cc   0x0000003e   Code   RO         7227    .text               mf_w.l(dfixi.o)
    0x0800690a   0x0800690a   0x00000032   Code   RO         7229    .text               mf_w.l(dfixui.o)
    0x0800693c   0x0800693c   0x00000026   Code   RO         7231    .text               mf_w.l(f2d.o)
    0x08006962   0x08006962   0x00000002   PAD
    0x08006964   0x08006964   0x00000030   Code   RO         7233    .text               mf_w.l(cdrcmple.o)
    0x08006994   0x08006994   0x00000038   Code   RO         7235    .text               mf_w.l(d2f.o)
    0x080069cc   0x080069cc   0x00000014   Code   RO         7237    .text               mf_w.l(cfcmple.o)
    0x080069e0   0x080069e0   0x00000014   Code   RO         7239    .text               mf_w.l(cfrcmple.o)
    0x080069f4   0x080069f4   0x0000002c   Code   RO         7284    .text               mc_w.l(uidiv.o)
    0x08006a20   0x08006a20   0x0000001e   Code   RO         7286    .text               mc_w.l(llshl.o)
    0x08006a3e   0x08006a3e   0x00000020   Code   RO         7288    .text               mc_w.l(llushr.o)
    0x08006a5e   0x08006a5e   0x00000024   Code   RO         7290    .text               mc_w.l(llsshr.o)
    0x08006a82   0x08006a82   0x00000002   PAD
    0x08006a84   0x08006a84   0x00000008   Code   RO         7292    .text               mc_w.l(ctype_o.o)
    0x08006a8c   0x08006a8c   0x00000012   Code   RO         7314    .text               mc_w.l(isspace_o.o)
    0x08006a9e   0x08006a9e   0x0000009e   Code   RO         7329    .text               mc_w.l(_strtoul.o)
    0x08006b3c   0x08006b3c   0x0000009c   Code   RO         7331    .text               mc_w.l(strtod.o)
    0x08006bd8   0x08006bd8   0x00000000   Code   RO         7333    .text               mc_w.l(iusefp.o)
    0x08006bd8   0x08006bd8   0x0000006e   Code   RO         7334    .text               mf_w.l(fepilogue.o)
    0x08006c46   0x08006c46   0x000000ba   Code   RO         7336    .text               mf_w.l(depilogue.o)
    0x08006d00   0x08006d00   0x00000024   Code   RO         7344    .text               mc_w.l(init.o)
    0x08006d24   0x08006d24   0x0000001c   Code   RO         7348    .text               mc_w.l(_chval.o)
    0x08006d40   0x08006d40   0x00000360   Code   RO         7350    .text               mc_w.l(scanf_fp.o)
    0x080070a0   0x080070a0   0x00000040   Code   RO         7354    .text               mc_w.l(_sgetc.o)
    0x080070e0   0x080070e0   0x00000018   Code   RO         7361    .text               mf_w.l(dfltul.o)
    0x080070f8   0x080070f8   0x00000056   Code   RO         7371    .text               mc_w.l(__dczerorl2.o)
    0x0800714e   0x0800714e   0x00000002   PAD
    0x08007150   0x08007150   0x00000040   Code   RO         6703    i.Delay_init        delay.o
    0x08007190   0x08007190   0x0000003c   Code   RO         6704    i.Delay_ms          delay.o
    0x080071cc   0x080071cc   0x00000058   Code   RO         3900    i.EXTI15_10_IRQHandler  spi_slave.o
    0x08007224   0x08007224   0x00000094   Code   RO         1028    i.EXTI_Init         stm32f10x_exti.o
    0x080072b8   0x080072b8   0x0000003c   Code   RO         5087    i.EnterDir          vfs.o
    0x080072f4   0x080072f4   0x00000028   Code   RO         5088    i.ExitDir           vfs.o
    0x0800731c   0x0800731c   0x0000004c   Code   RO         1084    i.FLASH_ErasePage   stm32f10x_flash.o
    0x08007368   0x08007368   0x00000034   Code   RO         1085    i.FLASH_GetBank1Status  stm32f10x_flash.o
    0x0800739c   0x0800739c   0x00000014   Code   RO         1094    i.FLASH_Lock        stm32f10x_flash.o
    0x080073b0   0x080073b0   0x0000006c   Code   RO         1099    i.FLASH_ProgramWord  stm32f10x_flash.o
    0x0800741c   0x0800741c   0x00000018   Code   RO         1102    i.FLASH_Unlock      stm32f10x_flash.o
    0x08007434   0x08007434   0x00000026   Code   RO         1106    i.FLASH_WaitForLastOperation  stm32f10x_flash.o
    0x0800745a   0x0800745a   0x00000002   PAD
    0x0800745c   0x0800745c   0x00000034   Code   RO         1267    i.FSMC_NORSRAMCmd   stm32f10x_fsmc.o
    0x08007490   0x08007490   0x000000e6   Code   RO         1269    i.FSMC_NORSRAMInit  stm32f10x_fsmc.o
    0x08007576   0x08007576   0x00000002   PAD
    0x08007578   0x08007578   0x00000040   Code   RO         1382    i.GPIO_EXTILineConfig  stm32f10x_gpio.o
    0x080075b8   0x080075b8   0x00000116   Code   RO         1385    i.GPIO_Init         stm32f10x_gpio.o
    0x080076ce   0x080076ce   0x00000002   PAD
    0x080076d0   0x080076d0   0x00000090   Code   RO         1387    i.GPIO_PinRemapConfig  stm32f10x_gpio.o
    0x08007760   0x08007760   0x00000090   Code   RO         3684    i.GPIO_RCC_Set      sw_spi.o
    0x080077f0   0x080077f0   0x00000012   Code   RO         1389    i.GPIO_ReadInputDataBit  stm32f10x_gpio.o
    0x08007802   0x08007802   0x00000004   Code   RO         1392    i.GPIO_ResetBits    stm32f10x_gpio.o
    0x08007806   0x08007806   0x00000004   Code   RO         1393    i.GPIO_SetBits      stm32f10x_gpio.o
    0x0800780a   0x0800780a   0x00000002   PAD
    0x0800780c   0x0800780c   0x0000000c   Code   RO         5316    i.GUI_CancelRange   gui.o
    0x08007818   0x08007818   0x00000040   Code   RO         5317    i.GUI_Clear         gui.o
    0x08007858   0x08007858   0x0000006c   Code   RO         5318    i.GUI_ClearRect     gui.o
    0x080078c4   0x080078c4   0x000000fc   Code   RO         5319    i.GUI_DispChar      gui.o
    0x080079c0   0x080079c0   0x000000d4   Code   RO         5321    i.GUI_DispDec       gui.o
    0x08007a94   0x08007a94   0x00000188   Code   RO         5322    i.GUI_DispFloat     gui.o
    0x08007c1c   0x08007c1c   0x000000e4   Code   RO         5323    i.GUI_DispHz        gui.o
    0x08007d00   0x08007d00   0x0000004e   Code   RO         5324    i.GUI_DispLenString  gui.o
    0x08007d4e   0x08007d4e   0x00000064   Code   RO         5325    i.GUI_DispOne       gui.o
    0x08007db2   0x08007db2   0x0000003a   Code   RO         5326    i.GUI_DispString    gui.o
    0x08007dec   0x08007dec   0x00000026   Code   RO         5327    i.GUI_DispStringInPrect  gui.o
    0x08007e12   0x08007e12   0x000000c8   Code   RO         5328    i.GUI_DispStringInRect  gui.o
    0x08007eda   0x08007eda   0x00000200   Code   RO         5331    i.GUI_DrawButton    gui.o
    0x080080da   0x080080da   0x00000002   PAD
    0x080080dc   0x080080dc   0x0000006c   Code   RO         5334    i.GUI_DrawPixel     gui.o
    0x08008148   0x08008148   0x00000038   Code   RO         5335    i.GUI_DrawPoint     gui.o
    0x08008180   0x08008180   0x0000025e   Code   RO         5337    i.GUI_DrawWindow    gui.o
    0x080083de   0x080083de   0x0000035e   Code   RO         5338    i.GUI_FillCircle    gui.o
    0x0800873c   0x0800873c   0x0000006c   Code   RO         5339    i.GUI_FillRect      gui.o
    0x080087a8   0x080087a8   0x00000068   Code   RO         5341    i.GUI_FillRectColor  gui.o
    0x08008810   0x08008810   0x0000000c   Code   RO         5342    i.GUI_GetBkColor    gui.o
    0x0800881c   0x0800881c   0x0000000c   Code   RO         5343    i.GUI_GetColor      gui.o
    0x08008828   0x08008828   0x0000004c   Code   RO         5344    i.GUI_HLine         gui.o
    0x08008874   0x08008874   0x0000000c   Code   RO         5345    i.GUI_SetBkColor    gui.o
    0x08008880   0x08008880   0x0000000c   Code   RO         5346    i.GUI_SetColor      gui.o
    0x0800888c   0x0800888c   0x0000001c   Code   RO         5347    i.GUI_SetRange      gui.o
    0x080088a8   0x080088a8   0x0000001e   Code   RO         5348    i.GUI_VLine         gui.o
    0x080088c6   0x080088c6   0x00000006   Code   RO         4204    i.HCD_IsDeviceConnected  usbh_usr.o
    0x080088cc   0x080088cc   0x00000060   Code   RO         6831    i.Hardware_GenericInit  main_1.o
    0x0800892c   0x0800892c   0x000000b8   Code   RO         5664    i.ICON_PressedDisplay  ui_draw.o
    0x080089e4   0x080089e4   0x00000022   Code   RO         5665    i.ICON_ReadDisplay  ui_draw.o
    0x08008a06   0x08008a06   0x00000002   PAD
    0x08008a08   0x08008a08   0x00000018   Code   RO         5089    i.IsRootDir         vfs.o
    0x08008a20   0x08008a20   0x00000070   Code   RO         5591    i.KEY_GetValue      touch_process.o
    0x08008a90   0x08008a90   0x00000062   Code   RO         5593    i.Key_value         touch_process.o
    0x08008af2   0x08008af2   0x00000002   PAD
    0x08008af4   0x08008af4   0x00000070   Code   RO         5666    i.LCD_DMA_Config    ui_draw.o
    0x08008b64   0x08008b64   0x0000007e   Code   RO         3222    i.LCD_FSMC_Config   lcd.o
    0x08008be2   0x08008be2   0x00000002   PAD
    0x08008be4   0x08008be4   0x00000050   Code   RO         3223    i.LCD_GPIO_Config   lcd.o
    0x08008c34   0x08008c34   0x0000000c   Code   RO         3224    i.LCD_HardwareConfig  lcd.o
    0x08008c40   0x08008c40   0x0000001c   Code   RO         3225    i.LCD_Init          lcd.o
    0x08008c5c   0x08008c5c   0x00000060   Code   RO         5349    i.LCD_SetWindow     gui.o
    0x08008cbc   0x08008cbc   0x00000134   Code   RO         3230    i.LCD_init_RGB      lcd.o
    0x08008df0   0x08008df0   0x00000016   Code   RO         5667    i.LOGO_ReadDisplay  ui_draw.o
    0x08008e06   0x08008e06   0x00000002   PAD
    0x08008e08   0x08008e08   0x00000070   Code   RO          137    i.NVIC_Init         misc.o
    0x08008e78   0x08008e78   0x00000014   Code   RO          138    i.NVIC_PriorityGroupConfig  misc.o
    0x08008e8c   0x08008e8c   0x0000000c   Code   RO         6779    i.OS_GetTime        os_timer.o
    0x08008e98   0x08008e98   0x00000068   Code   RO         6784    i.OS_TimerInit      os_timer.o
    0x08008f00   0x08008f00   0x00000020   Code   RO         1806    i.RCC_AHBPeriphClockCmd  stm32f10x_rcc.o
    0x08008f20   0x08008f20   0x00000020   Code   RO         1807    i.RCC_APB1PeriphClockCmd  stm32f10x_rcc.o
    0x08008f40   0x08008f40   0x00000020   Code   RO         1808    i.RCC_APB1PeriphResetCmd  stm32f10x_rcc.o
    0x08008f60   0x08008f60   0x00000020   Code   RO         1809    i.RCC_APB2PeriphClockCmd  stm32f10x_rcc.o
    0x08008f80   0x08008f80   0x000000d8   Code   RO         1817    i.RCC_GetClocksFreq  stm32f10x_rcc.o
    0x08009058   0x08009058   0x00000004   Code   RO         3509    i.SD_CD_Inserted    sd.o
    0x0800905c   0x0800905c   0x00000010   Code   RO         3510    i.SD_Cancel_CS      sd.o
    0x0800906c   0x0800906c   0x00000026   Code   RO         3514    i.SD_Get_Ack        sd.o
    0x08009092   0x08009092   0x00000002   PAD
    0x08009094   0x08009094   0x00000188   Code   RO         3516    i.SD_Init           sd.o
    0x0800921c   0x0800921c   0x00000074   Code   RO         3517    i.SD_Read_Data      sd.o
    0x08009290   0x08009290   0x00000038   Code   RO         3518    i.SD_RecvData       sd.o
    0x080092c8   0x080092c8   0x0000000e   Code   RO         3519    i.SD_SPI_CS_Set     sd.o
    0x080092d6   0x080092d6   0x00000010   Code   RO         3520    i.SD_SPI_Init       sd.o
    0x080092e6   0x080092e6   0x00000010   Code   RO         3521    i.SD_SPI_Read_Write_Byte  sd.o
    0x080092f6   0x080092f6   0x0000001a   Code   RO         3522    i.SD_Select         sd.o
    0x08009310   0x08009310   0x00000078   Code   RO         3523    i.SD_SendCmd        sd.o
    0x08009388   0x08009388   0x00000052   Code   RO         3524    i.SD_Send_Data      sd.o
    0x080093da   0x080093da   0x0000000c   Code   RO         3525    i.SD_SetHighSpeed   sd.o
    0x080093e6   0x080093e6   0x0000000c   Code   RO         3526    i.SD_SetLowSpeed    sd.o
    0x080093f2   0x080093f2   0x00000022   Code   RO         3527    i.SD_Wait_Ready     sd.o
    0x08009414   0x08009414   0x00000090   Code   RO         3528    i.SD_Write_Data     sd.o
    0x080094a4   0x080094a4   0x0000003c   Code   RO         3901    i.SPI2_IRQHandler   spi_slave.o
    0x080094e0   0x080094e0   0x0000002c   Code   RO         3638    i.SPI_CS_Set        spi.o
    0x0800950c   0x0800950c   0x00000018   Code   RO         2292    i.SPI_Cmd           stm32f10x_spi.o
    0x08009524   0x08009524   0x00000016   Code   RO         3639    i.SPI_Config        spi.o
    0x0800953a   0x0800953a   0x00000002   PAD
    0x0800953c   0x0800953c   0x000000fc   Code   RO         3641    i.SPI_GPIO_Init     spi.o
    0x08009638   0x08009638   0x00000012   Code   RO         2300    i.SPI_I2S_GetFlagStatus  stm32f10x_spi.o
    0x0800964a   0x0800964a   0x00000006   Code   RO         2303    i.SPI_I2S_ReceiveData  stm32f10x_spi.o
    0x08009650   0x08009650   0x00000004   Code   RO         2304    i.SPI_I2S_SendData  stm32f10x_spi.o
    0x08009654   0x08009654   0x0000003c   Code   RO         2305    i.SPI_Init          stm32f10x_spi.o
    0x08009690   0x08009690   0x0000008c   Code   RO         3642    i.SPI_Protocol_Init  spi.o
    0x0800971c   0x0800971c   0x00000020   Code   RO         3902    i.SPI_ReEnable      spi_slave.o
    0x0800973c   0x0800973c   0x00000048   Code   RO         3643    i.SPI_Read_Write    spi.o
    0x08009784   0x08009784   0x00000070   Code   RO         3903    i.SPI_Slave         spi_slave.o
    0x080097f4   0x080097f4   0x0000003a   Code   RO         3904    i.SPI_SlaveDeInit   spi_slave.o
    0x0800982e   0x0800982e   0x00000046   Code   RO         3905    i.SPI_Slave_CS_Config  spi_slave.o
    0x08009874   0x08009874   0x00000070   Code   RO         5708    i.ST7920_DrawByte   st7920_simulator.o
    0x080098e4   0x080098e4   0x00000034   Code   RO         5709    i.ST7920_DrawPixel  st7920_simulator.o
    0x08009918   0x08009918   0x0000001a   Code   RO         5710    i.ST7920_IsCtrlByte  st7920_simulator.o
    0x08009932   0x08009932   0x00000002   PAD
    0x08009934   0x08009934   0x00000014   Code   RO         5711    i.ST7920_MapCoordinateX  st7920_simulator.o
    0x08009948   0x08009948   0x0000001c   Code   RO         5712    i.ST7920_MapCoordinateY  st7920_simulator.o
    0x08009964   0x08009964   0x0000008c   Code   RO         5713    i.ST7920_ParseRecv  st7920_simulator.o
    0x080099f0   0x080099f0   0x00000012   Code   RO         5714    i.ST7920_ST7920_ParseWCmd  st7920_simulator.o
    0x08009a02   0x08009a02   0x00000002   PAD
    0x08009a04   0x08009a04   0x00000030   Code   RO         5716    i.ST7920_WriteXY    st7920_simulator.o
    0x08009a34   0x08009a34   0x0000001c   Code   RO         3685    i.SW_SPI_CS_Set     sw_spi.o
    0x08009a50   0x08009a50   0x000000c4   Code   RO         3686    i.SW_SPI_Config     sw_spi.o
    0x08009b14   0x08009b14   0x0000017a   Code   RO         3687    i.SW_SPI_Read_Write  sw_spi.o
    0x08009c8e   0x08009c8e   0x00000038   Code   RO         5352    i.Scroll_CreatePara  gui.o
    0x08009cc6   0x08009cc6   0x00000002   PAD
    0x08009cc8   0x08009cc8   0x0000021c   Code   RO         5353    i.Scroll_DispString  gui.o
    0x08009ee4   0x08009ee4   0x00000068   Code   RO         3949    i.Serial_Config     serial.o
    0x08009f4c   0x08009f4c   0x00000034   Code   RO         3950    i.Serial_DMAReEnable  serial.o
    0x08009f80   0x08009f80   0x0000002c   Code   RO         3952    i.Serial_Puts       serial.o
    0x08009fac   0x08009fac   0x00000010   Code   RO         6674    i.Serial_ReSourceInit  mode.o
    0x08009fbc   0x08009fbc   0x00000008   Code   RO           24    i.SetSysClock       system_stm32f10x.o
    0x08009fc4   0x08009fc4   0x000000e0   Code   RO           25    i.SetSysClockTo72   system_stm32f10x.o
    0x0800a0a4   0x0800a0a4   0x00000060   Code   RO           27    i.SystemInit        system_stm32f10x.o
    0x0800a104   0x0800a104   0x00000044   Code   RO         6785    i.TIM4_IRQHandler   os_timer.o
    0x0800a148   0x0800a148   0x000002e4   Code   RO         5594    i.TSC_Calibration   touch_process.o
    0x0800a42c   0x0800a42c   0x0000005c   Code   RO         5595    i.TS_Get_Coordinates  touch_process.o
    0x0800a488   0x0800a488   0x0000000a   Code   RO         3953    i.UART4_IRQHandler  serial.o
    0x0800a492   0x0800a492   0x0000000a   Code   RO         3954    i.UART5_IRQHandler  serial.o
    0x0800a49c   0x0800a49c   0x0000000a   Code   RO         3955    i.USART1_IRQHandler  serial.o
    0x0800a4a6   0x0800a4a6   0x0000000a   Code   RO         3956    i.USART2_IRQHandler  serial.o
    0x0800a4b0   0x0800a4b0   0x0000000a   Code   RO         3957    i.USART3_IRQHandler  serial.o
    0x0800a4ba   0x0800a4ba   0x0000001e   Code   RO         2986    i.USART_ClearITPendingBit  stm32f10x_usart.o
    0x0800a4d8   0x0800a4d8   0x00000018   Code   RO         2989    i.USART_Cmd         stm32f10x_usart.o
    0x0800a4f0   0x0800a4f0   0x00000022   Code   RO         3717    i.USART_Config      usart.o
    0x0800a512   0x0800a512   0x00000002   PAD
    0x0800a514   0x0800a514   0x0000009c   Code   RO         3719    i.USART_GPIO_Init   usart.o
    0x0800a5b0   0x0800a5b0   0x00000058   Code   RO         3958    i.USART_IRQHandler  serial.o
    0x0800a608   0x0800a608   0x00000058   Code   RO         3720    i.USART_IRQ_Init    usart.o
    0x0800a660   0x0800a660   0x0000004a   Code   RO         2995    i.USART_ITConfig    stm32f10x_usart.o
    0x0800a6aa   0x0800a6aa   0x00000002   PAD
    0x0800a6ac   0x0800a6ac   0x000000d8   Code   RO         2996    i.USART_Init        stm32f10x_usart.o
    0x0800a784   0x0800a784   0x00000084   Code   RO         3721    i.USART_Protocol_Init  usart.o
    0x0800a808   0x0800a808   0x00000002   Code   RO         4205    i.USBH_Process      usbh_usr.o
    0x0800a80a   0x0800a80a   0x00000006   Code   RO         4206    i.USBH_UDISK_Read   usbh_usr.o
    0x0800a810   0x0800a810   0x00000006   Code   RO         4208    i.USBH_UDISK_Write  usbh_usr.o
    0x0800a816   0x0800a816   0x00000004   Code   RO         4209    i.USBH_USR_Inserted  usbh_usr.o
    0x0800a81a   0x0800a81a   0x00000036   Code   RO         3770    i.W25Qxx_EraseSector  w25qxx.o
    0x0800a850   0x0800a850   0x00000018   Code   RO         3771    i.W25Qxx_Init       w25qxx.o
    0x0800a868   0x0800a868   0x00000048   Code   RO         3772    i.W25Qxx_ReadBuffer  w25qxx.o
    0x0800a8b0   0x0800a8b0   0x0000000e   Code   RO         3774    i.W25Qxx_SPI_CS_Set  w25qxx.o
    0x0800a8be   0x0800a8be   0x00000010   Code   RO         3775    i.W25Qxx_SPI_Read_Write_Byte  w25qxx.o
    0x0800a8ce   0x0800a8ce   0x0000002a   Code   RO         3776    i.W25Qxx_WaitForWriteEnd  w25qxx.o
    0x0800a8f8   0x0800a8f8   0x00000122   Code   RO         3777    i.W25Qxx_WriteBuffer  w25qxx.o
    0x0800aa1a   0x0800aa1a   0x00000016   Code   RO         3778    i.W25Qxx_WriteEnable  w25qxx.o
    0x0800aa30   0x0800aa30   0x0000004e   Code   RO         3779    i.W25Qxx_WritePage  w25qxx.o
    0x0800aa7e   0x0800aa7e   0x00000076   Code   RO         3849    i.XPT2046_Average_AD  xpt2046.o
    0x0800aaf4   0x0800aaf4   0x00000014   Code   RO         3850    i.XPT2046_CS_Set    xpt2046.o
    0x0800ab08   0x0800ab08   0x00000054   Code   RO         3851    i.XPT2046_Init      xpt2046.o
    0x0800ab5c   0x0800ab5c   0x00000014   Code   RO         3852    i.XPT2046_ReadWriteByte  xpt2046.o
    0x0800ab70   0x0800ab70   0x0000002e   Code   RO         3853    i.XPT2046_Read_AD   xpt2046.o
    0x0800ab9e   0x0800ab9e   0x00000002   PAD
    0x0800aba0   0x0800aba0   0x00000010   Code   RO         3854    i.XPT2046_Read_Pen  xpt2046.o
    0x0800abb0   0x0800abb0   0x0000003c   Code   RO         3855    i.XPT2046_Repeated_Compare_AD  xpt2046.o
    0x0800abec   0x0800abec   0x00000028   Code   RO         7003    i.__0sprintf$3      mc_w.l(printf3.o)
    0x0800ac14   0x0800ac14   0x00000008   Code   RO         7322    i.__aeabi_errno_addr  mc_w.l(errno.o)
    0x0800ac1c   0x0800ac1c   0x0000000e   Code   RO         7365    i.__scatterload_copy  mc_w.l(handlers.o)
    0x0800ac2a   0x0800ac2a   0x00000002   Code   RO         7366    i.__scatterload_null  mc_w.l(handlers.o)
    0x0800ac2c   0x0800ac2c   0x0000000e   Code   RO         7367    i.__scatterload_zeroinit  mc_w.l(handlers.o)
    0x0800ac3a   0x0800ac3a   0x0000000e   Code   RO         7352    i._is_digit         mc_w.l(scanf_fp.o)
    0x0800ac48   0x0800ac48   0x000001b8   Code   RO         7008    i._printf_core      mc_w.l(printf3.o)
    0x0800ae00   0x0800ae00   0x0000000a   Code   RO         7010    i._sputc            mc_w.l(printf3.o)
    0x0800ae0a   0x0800ae0a   0x00000002   PAD
    0x0800ae0c   0x0800ae0c   0x00000060   Code   RO         4987    i.ackPopupInfo      parseack.o
    0x0800ae6c   0x0800ae6c   0x0000003c   Code   RO         4988    i.ack_cmp           parseack.o
    0x0800aea8   0x0800aea8   0x00000034   Code   RO         4989    i.ack_second_value  parseack.o
    0x0800aedc   0x0800aedc   0x00000070   Code   RO         4990    i.ack_seen          parseack.o
    0x0800af4c   0x0800af4c   0x00000020   Code   RO         4991    i.ack_value         parseack.o
    0x0800af6c   0x0800af6c   0x00000058   Code   RO         5782    i.babyStepReDraw    babystep.o
    0x0800afc4   0x0800afc4   0x000001bc   Code   RO         5037    i.bmpDecode         boot.o
    0x0800b180   0x0800b180   0x00000064   Code   RO         6148    i.busyIndicator     menu.o
    0x0800b1e4   0x0800b1e4   0x00000178   Code   RO         5596    i.calibrationEnsure  touch_process.o
    0x0800b35c   0x0800b35c   0x0000008a   Code   RO         4322    i.change_bitmap     ff.o
    0x0800b3e6   0x0800b3e6   0x00000002   PAD
    0x0800b3e8   0x0800b3e8   0x0000009c   Code   RO         4323    i.check_fs          ff.o
    0x0800b484   0x0800b484   0x00000018   Code   RO         4324    i.chk_chr           ff.o
    0x0800b49c   0x0800b49c   0x00000030   Code   RO         4893    i.clearCmdQueue     interfacecmd.o
    0x0800b4cc   0x0800b4cc   0x00000068   Code   RO         5090    i.clearInfoFile     vfs.o
    0x0800b534   0x0800b534   0x00000010   Code   RO         6297    i.clearPowerFailed  powerfailed.o
    0x0800b544   0x0800b544   0x00000062   Code   RO         4325    i.clmt_clust        ff.o
    0x0800b5a6   0x0800b5a6   0x0000001a   Code   RO         4326    i.clust2sect        ff.o
    0x0800b5c0   0x0800b5c0   0x00000034   Code   RO         4894    i.cmd_float         interfacecmd.o
    0x0800b5f4   0x0800b5f4   0x00000070   Code   RO         4895    i.cmd_seen          interfacecmd.o
    0x0800b664   0x0800b664   0x00000030   Code   RO         4896    i.cmd_value         interfacecmd.o
    0x0800b694   0x0800b694   0x00000098   Code   RO         4327    i.cmp_lfn           ff.o
    0x0800b72c   0x0800b72c   0x00000040   Code   RO         6424    i.completePrinting  printing.o
    0x0800b76c   0x0800b76c   0x0000000c   Code   RO         4813    i.coorGetRelative   coordinate.o
    0x0800b778   0x0800b778   0x0000000c   Code   RO         4814    i.coorSetRelative   coordinate.o
    0x0800b784   0x0800b784   0x00000010   Code   RO         4815    i.coordinateGetAxis  coordinate.o
    0x0800b794   0x0800b794   0x0000000c   Code   RO         4816    i.coordinateGetFeedRate  coordinate.o
    0x0800b7a0   0x0800b7a0   0x00000058   Code   RO         4817    i.coordinateSetAxis  coordinate.o
    0x0800b7f8   0x0800b7f8   0x0000000c   Code   RO         4818    i.coordinateSetFeedRate  coordinate.o
    0x0800b804   0x0800b804   0x0000015e   Code   RO         4328    i.create_chain      ff.o
    0x0800b962   0x0800b962   0x00000002   PAD
    0x0800b964   0x0800b964   0x00000270   Code   RO         4329    i.create_name       ff.o
    0x0800bbd4   0x0800bbd4   0x00000090   Code   RO         4330    i.create_xdir       ff.o
    0x0800bc64   0x0800bc64   0x00000064   Code   RO         5975    i.currentReDraw     heat.o
    0x0800bcc8   0x0800bcc8   0x0000007c   Code   RO         4331    i.dir_alloc         ff.o
    0x0800bd44   0x0800bd44   0x000001a8   Code   RO         4332    i.dir_find          ff.o
    0x0800beec   0x0800beec   0x00000120   Code   RO         4333    i.dir_next          ff.o
    0x0800c00c   0x0800c00c   0x00000102   Code   RO         4334    i.dir_read          ff.o
    0x0800c10e   0x0800c10e   0x00000210   Code   RO         4335    i.dir_register      ff.o
    0x0800c31e   0x0800c31e   0x00000072   Code   RO         4336    i.dir_remove        ff.o
    0x0800c390   0x0800c390   0x000000aa   Code   RO         4337    i.dir_sdi           ff.o
    0x0800c43a   0x0800c43a   0x00000002   PAD
    0x0800c43c   0x0800c43c   0x0000005c   Code   RO         4747    i.disk_initialize   diskio.o
    0x0800c498   0x0800c498   0x00000064   Code   RO         4748    i.disk_ioctl        diskio.o
    0x0800c4fc   0x0800c4fc   0x0000005c   Code   RO         4749    i.disk_read         diskio.o
    0x0800c558   0x0800c558   0x00000006   Code   RO         4750    i.disk_status       diskio.o
    0x0800c55e   0x0800c55e   0x00000002   PAD
    0x0800c560   0x0800c560   0x0000006c   Code   RO         4751    i.disk_write        diskio.o
    0x0800c5cc   0x0800c5cc   0x0000000c   Code   RO         4819    i.eGetRelative      coordinate.o
    0x0800c5d8   0x0800c5d8   0x0000000c   Code   RO         4820    i.eSetRelative      coordinate.o
    0x0800c5e4   0x0800c5e4   0x00000078   Code   RO         6425    i.endGcodeExecute   printing.o
    0x0800c65c   0x0800c65c   0x00000018   Code   RO         6426    i.exitPrinting      printing.o
    0x0800c674   0x0800c674   0x000000a8   Code   RO         5867    i.extrudeCoordinateReDraw  extrude.o
    0x0800c71c   0x0800c71c   0x00000022   Code   RO         4338    i.f_close           ff.o
    0x0800c73e   0x0800c73e   0x00000018   Code   RO         4339    i.f_closedir        ff.o
    0x0800c756   0x0800c756   0x0000043e   Code   RO         4342    i.f_lseek           ff.o
    0x0800cb94   0x0800cb94   0x0000005c   Code   RO         4344    i.f_mount           ff.o
    0x0800cbf0   0x0800cbf0   0x0000035e   Code   RO         4345    i.f_open            ff.o
    0x0800cf4e   0x0800cf4e   0x000000be   Code   RO         4346    i.f_opendir         ff.o
    0x0800d00c   0x0800d00c   0x00000228   Code   RO         4347    i.f_read            ff.o
    0x0800d234   0x0800d234   0x0000004e   Code   RO         4348    i.f_readdir         ff.o
    0x0800d282   0x0800d282   0x0000016a   Code   RO         4352    i.f_sync            ff.o
    0x0800d3ec   0x0800d3ec   0x00000102   Code   RO         4354    i.f_unlink          ff.o
    0x0800d4ee   0x0800d4ee   0x00000284   Code   RO         4355    i.f_write           ff.o
    0x0800d772   0x0800d772   0x00000002   PAD
    0x0800d774   0x0800d774   0x0000000c   Code   RO         5914    i.fanGetSpeed       fan.o
    0x0800d780   0x0800d780   0x0000000c   Code   RO         5916    i.fanSetSendWaiting  fan.o
    0x0800d78c   0x0800d78c   0x0000000c   Code   RO         5917    i.fanSetSpeed       fan.o
    0x0800d798   0x0800d798   0x00000064   Code   RO         5918    i.fanSpeedReDraw    fan.o
    0x0800d7fc   0x0800d7fc   0x00000076   Code   RO         4296    i.ff_convert        cc936.o
    0x0800d872   0x0800d872   0x00000002   PAD
    0x0800d874   0x0800d874   0x000000a4   Code   RO         4297    i.ff_wtoupper       cc936.o
    0x0800d918   0x0800d918   0x00000036   Code   RO         4356    i.fill_fat_chain    ff.o
    0x0800d94e   0x0800d94e   0x000000a4   Code   RO         4357    i.find_bitmap       ff.o
    0x0800d9f2   0x0800d9f2   0x00000002   PAD
    0x0800d9f4   0x0800d9f4   0x00000474   Code   RO         4358    i.find_volume       ff.o
    0x0800de68   0x0800de68   0x000000dc   Code   RO         6866    i.floor             m_ws.l(floor.o)
    0x0800df44   0x0800df44   0x000000e4   Code   RO         4359    i.follow_path       ff.o
    0x0800e028   0x0800e028   0x00000050   Code   RO         7173    i.free              mc_w.l(malloc.o)
    0x0800e078   0x0800e078   0x000000cc   Code   RO         4360    i.gen_numname       ff.o
    0x0800e144   0x0800e144   0x00000038   Code   RO         5091    i.getCurFileSource  vfs.o
    0x0800e17c   0x0800e17c   0x00000020   Code   RO         6427    i.getCurGcodeName   printing.o
    0x0800e19c   0x0800e19c   0x00000168   Code   RO         6428    i.getGcodeFromFile  printing.o
    0x0800e304   0x0800e304   0x0000017a   Code   RO         4361    i.get_fat           ff.o
    0x0800e47e   0x0800e47e   0x00000002   PAD
    0x0800e480   0x0800e480   0x00000008   Code   RO         4754    i.get_fattime       diskio.o
    0x0800e488   0x0800e488   0x00000174   Code   RO         4362    i.get_fileinfo      ff.o
    0x0800e5fc   0x0800e5fc   0x000000b4   Code   RO         4363    i.get_ldnumber      ff.o
    0x0800e6b0   0x0800e6b0   0x000000c0   Code   RO         4364    i.get_xdir_info     ff.o
    0x0800e770   0x0800e770   0x00000114   Code   RO         6383    i.gocdeListDraw     print.o
    0x0800e884   0x0800e884   0x0000007c   Code   RO         6431    i.haltPrinting      printing.o
    0x0800e900   0x0800e900   0x0000002c   Code   RO         5976    i.heatClearIsWaiting  heat.o
    0x0800e92c   0x0800e92c   0x00000014   Code   RO         5977    i.heatGetCurrentTemp  heat.o
    0x0800e940   0x0800e940   0x0000000c   Code   RO         5979    i.heatGetCurrentToolNozzle  heat.o
    0x0800e94c   0x0800e94c   0x00000018   Code   RO         5981    i.heatGetTargetTemp  heat.o
    0x0800e964   0x0800e964   0x00000028   Code   RO         5982    i.heatHasWaiting    heat.o
    0x0800e98c   0x0800e98c   0x00000028   Code   RO         5983    i.heatSetCurrentTemp  heat.o
    0x0800e9b4   0x0800e9b4   0x00000018   Code   RO         5985    i.heatSetCurrentToolNozzle  heat.o
    0x0800e9cc   0x0800e9cc   0x00000038   Code   RO         5986    i.heatSetIsWaiting  heat.o
    0x0800ea04   0x0800ea04   0x0000000c   Code   RO         5987    i.heatSetSendWaiting  heat.o
    0x0800ea10   0x0800ea10   0x00000018   Code   RO         5988    i.heatSetTargetTemp  heat.o
    0x0800ea28   0x0800ea28   0x0000000c   Code   RO         5989    i.heatSetUpdateTime  heat.o
    0x0800ea34   0x0800ea34   0x0000000c   Code   RO         5990    i.heatSetUpdateWaiting  heat.o
    0x0800ea40   0x0800ea40   0x00000016   Code   RO         6734    i.inRange           my_misc.o
    0x0800ea56   0x0800ea56   0x00000002   PAD
    0x0800ea58   0x0800ea58   0x0000007c   Code   RO         6675    i.infoMenuSelect    mode.o
    0x0800ead4   0x0800ead4   0x00000054   Code   RO         5783    i.initElements      babystep.o
    0x0800eb28   0x0800eb28   0x0000008e   Code   RO         6735    i.intToString       my_misc.o
    0x0800ebb6   0x0800ebb6   0x0000001c   Code   RO         5264    i.isArmenian        language.o
    0x0800ebd2   0x0800ebd2   0x00000002   PAD
    0x0800ebd4   0x0800ebd4   0x0000000c   Code   RO         6432    i.isPause           printing.o
    0x0800ebe0   0x0800ebe0   0x0000000c   Code   RO         5597    i.isPress           touch_process.o
    0x0800ebec   0x0800ebec   0x0000000c   Code   RO         6433    i.isPrinting        printing.o
    0x0800ebf8   0x0800ebf8   0x0000001c   Code   RO         5265    i.isRussia          language.o
    0x0800ec14   0x0800ec14   0x00000068   Code   RO         6149    i.itemDrawIconPress  menu.o
    0x0800ec7c   0x0800ec7c   0x00000070   Code   RO         5668    i.lcd_frame_display  ui_draw.o
    0x0800ecec   0x0800ecec   0x000000b0   Code   RO         5669    i.lcd_frame_segment_display  ui_draw.o
    0x0800ed9c   0x0800ed9c   0x00000026   Code   RO         4365    i.ld_clust          ff.o
    0x0800edc2   0x0800edc2   0x00000018   Code   RO         4366    i.ld_dword          ff.o
    0x0800edda   0x0800edda   0x00000062   Code   RO         4367    i.ld_qword          ff.o
    0x0800ee3c   0x0800ee3c   0x0000000c   Code   RO         4368    i.ld_word           ff.o
    0x0800ee48   0x0800ee48   0x00000016   Code   RO         6736    i.limitValue        my_misc.o
    0x0800ee5e   0x0800ee5e   0x0000003c   Code   RO         4369    i.load_obj_dir      ff.o
    0x0800ee9a   0x0800ee9a   0x000000dc   Code   RO         4370    i.load_xdir         ff.o
    0x0800ef76   0x0800ef76   0x00000002   PAD
    0x0800ef78   0x0800ef78   0x00000074   Code   RO         6150    i.loopBusySignClear  menu.o
    0x0800efec   0x0800efec   0x000000f4   Code   RO         5991    i.loopCheckHeater   heat.o
    0x0800f0e0   0x0800f0e0   0x00000024   Code   RO         6151    i.loopProcess       menu.o
    0x0800f104   0x0800f104   0x00000070   Code   RO         6152    i.loopReminderClear  menu.o
    0x0800f174   0x0800f174   0x00000038   Code   RO         5598    i.loopTouchScreen   touch_process.o
    0x0800f1ac   0x0800f1ac   0x00000044   Code   RO         6153    i.loopVolumeReminderClear  menu.o
    0x0800f1f0   0x0800f1f0   0x000000a0   Code   RO         5093    i.loopVolumeSource  vfs.o
    0x0800f290   0x0800f290   0x00000028   Code   RO         6832    i.main              main_1.o
    0x0800f2b8   0x0800f2b8   0x0000006c   Code   RO         7174    i.malloc            mc_w.l(malloc.o)
    0x0800f324   0x0800f324   0x00000016   Code   RO         6737    i.map               my_misc.o
    0x0800f33a   0x0800f33a   0x00000024   Code   RO         4371    i.mem_cmp           ff.o
    0x0800f35e   0x0800f35e   0x0000001a   Code   RO         4372    i.mem_cpy           ff.o
    0x0800f378   0x0800f378   0x00000012   Code   RO         4373    i.mem_set           ff.o
    0x0800f38a   0x0800f38a   0x00000002   PAD
    0x0800f38c   0x0800f38c   0x000001bc   Code   RO         5784    i.menuBabyStep      babystep.o
    0x0800f548   0x0800f548   0x000000c4   Code   RO         6435    i.menuBeforePrinting  printing.o
    0x0800f60c   0x0800f60c   0x0000004c   Code   RO         6154    i.menuClearGaps     menu.o
    0x0800f658   0x0800f658   0x00000080   Code   RO         6642    i.menuDisconnect    settings.o
    0x0800f6d8   0x0800f6d8   0x00000078   Code   RO         6155    i.menuDrawItem      menu.o
    0x0800f750   0x0800f750   0x00000040   Code   RO         6156    i.menuDrawPage      menu.o
    0x0800f790   0x0800f790   0x00000068   Code   RO         6157    i.menuDrawTitle     menu.o
    0x0800f7f8   0x0800f7f8   0x000001fc   Code   RO         5868    i.menuExtrude       extrude.o
    0x0800f9f4   0x0800f9f4   0x00000154   Code   RO         5919    i.menuFan           fan.o
    0x0800fb48   0x0800fb48   0x000002cc   Code   RO         5992    i.menuHeat          heat.o
    0x0800fe14   0x0800fe14   0x0000009c   Code   RO         6112    i.menuHome          home.o
    0x0800feb0   0x0800feb0   0x000000e8   Code   RO         6643    i.menuInfo          settings.o
    0x0800ff98   0x0800ff98   0x00000010   Code   RO         6158    i.menuKeyGetValue   menu.o
    0x0800ffa8   0x0800ffa8   0x0000012c   Code   RO         6130    i.menuMain          mainpage.o
    0x080100d4   0x080100d4   0x000001c4   Code   RO         6243    i.menuMove          move.o
    0x08010298   0x08010298   0x0000004c   Code   RO         6262    i.menuPopup         popup.o
    0x080102e4   0x080102e4   0x00000104   Code   RO         6298    i.menuPowerOff      powerfailed.o
    0x080103e8   0x080103e8   0x000000c8   Code   RO         6384    i.menuPrint         print.o
    0x080104b0   0x080104b0   0x00000288   Code   RO         6385    i.menuPrintFromSource  print.o
    0x08010738   0x08010738   0x00000278   Code   RO         6436    i.menuPrinting      printing.o
    0x080109b0   0x080109b0   0x000000a8   Code   RO         5717    i.menuST7920        st7920_simulator.o
    0x08010a58   0x08010a58   0x00000170   Code   RO         6644    i.menuSettings      settings.o
    0x08010bc8   0x08010bc8   0x00000210   Code   RO         6595    i.menuSpeed         speed.o
    0x08010dd8   0x08010dd8   0x00000098   Code   RO         6437    i.menuStopPrinting  printing.o
    0x08010e70   0x08010e70   0x0000000e   Code   RO         5355    i.min               gui.o
    0x08010e7e   0x08010e7e   0x00000002   PAD
    0x08010e80   0x08010e80   0x00000030   Code   RO         5094    i.mountFS           vfs.o
    0x08010eb0   0x08010eb0   0x00000008   Code   RO         5237    i.mountGcodeSDCard  mygcodefs.o
    0x08010eb8   0x08010eb8   0x00000020   Code   RO         4698    i.mountSDCard       myfatfs.o
    0x08010ed8   0x08010ed8   0x00000038   Code   RO         4699    i.mountUDisk        myfatfs.o
    0x08010f10   0x08010f10   0x0000006c   Code   RO         4897    i.moveCacheToCmd    interfacecmd.o
    0x08010f7c   0x08010f7c   0x00000034   Code   RO         4374    i.move_window       ff.o
    0x08010fb0   0x08010fb0   0x00000064   Code   RO         4898    i.mustStoreCacheCmd  interfacecmd.o
    0x08011014   0x08011014   0x00000064   Code   RO         4899    i.mustStoreCmd      interfacecmd.o
    0x08011078   0x08011078   0x0000001a   Code   RO         6738    i.my_sprintf        my_misc.o
    0x08011092   0x08011092   0x00000032   Code   RO         5266    i.my_strlen         language.o
    0x080110c4   0x080110c4   0x00000254   Code   RO         6739    i.my_vsprintf       my_misc.o
    0x08011318   0x08011318   0x0000009a   Code   RO         6386    i.normalNameDisp    print.o
    0x080113b2   0x080113b2   0x00000002   PAD
    0x080113b4   0x080113b4   0x00000388   Code   RO         4992    i.parseACK          parseack.o
    0x0801173c   0x0801173c   0x00000068   Code   RO         6596    i.percentageReDraw  speed.o
    0x080117a4   0x080117a4   0x00000088   Code   RO         4375    i.pick_lfn          ff.o
    0x0801182c   0x0801182c   0x0000009c   Code   RO         6263    i.popupDrawPage     popup.o
    0x080118c8   0x080118c8   0x00000108   Code   RO         6299    i.powerFailedCache  powerfailed.o
    0x080119d0   0x080119d0   0x00000054   Code   RO         6301    i.powerFailedCreate  powerfailed.o
    0x08011a24   0x08011a24   0x0000002c   Code   RO         6302    i.powerFailedDelete  powerfailed.o
    0x08011a50   0x08011a50   0x0000000c   Code   RO         6303    i.powerFailedEnable  powerfailed.o
    0x08011a5c   0x08011a5c   0x00000050   Code   RO         6304    i.powerFailedExist  powerfailed.o
    0x08011aac   0x08011aac   0x0000002c   Code   RO         6305    i.powerFailedSetDriverSource  powerfailed.o
    0x08011ad8   0x08011ad8   0x00000020   Code   RO         6306    i.powerFailedlSeek  powerfailed.o
    0x08011af8   0x08011af8   0x0000021c   Code   RO         6307    i.powerOffGetData   powerfailed.o
    0x08011d14   0x08011d14   0x0000000c   Code   RO         6438    i.printSetUpdateWaiting  printing.o
    0x08011d20   0x08011d20   0x00000118   Code   RO         6439    i.printingDrawPage  printing.o
    0x08011e38   0x08011e38   0x00000144   Code   RO         4376    i.put_fat           ff.o
    0x08011f7c   0x08011f7c   0x00000080   Code   RO         4377    i.put_lfn           ff.o
    0x08011ffc   0x08011ffc   0x0000007c   Code   RO         6440    i.reDrawProgress    printing.o
    0x08012078   0x08012078   0x00000128   Code   RO         6441    i.reDrawTime        printing.o
    0x080121a0   0x080121a0   0x00000058   Code   RO         6442    i.reValueBed        printing.o
    0x080121f8   0x080121f8   0x00000084   Code   RO         6443    i.reValueNozzle     printing.o
    0x0801227c   0x0801227c   0x0000005c   Code   RO         4874    i.readStoredPara    flashstore.o
    0x080122d8   0x080122d8   0x00000040   Code   RO         6159    i.reminderMessage   menu.o
    0x08012318   0x08012318   0x0000010e   Code   RO         4378    i.remove_chain      ff.o
    0x08012426   0x08012426   0x00000002   PAD
    0x08012428   0x08012428   0x00000020   Code   RO         5160    i.requestHasTimeOut  gcode.o
    0x08012448   0x08012448   0x00000010   Code   RO         5161    i.requestInitTimeOut  gcode.o
    0x08012458   0x08012458   0x00000088   Code   RO         5162    i.request_M20       gcode.o
    0x080124e0   0x080124e0   0x00000094   Code   RO         5163    i.request_M21       gcode.o
    0x08012574   0x08012574   0x000000a0   Code   RO         5164    i.request_M23       gcode.o
    0x08012614   0x08012614   0x0000003c   Code   RO         5165    i.request_M24       gcode.o
    0x08012650   0x08012650   0x00000014   Code   RO         5166    i.request_M25       gcode.o
    0x08012664   0x08012664   0x00000024   Code   RO         5167    i.request_M27       gcode.o
    0x08012688   0x08012688   0x00000014   Code   RO         5168    i.request_M524      gcode.o
    0x0801269c   0x0801269c   0x00000030   Code   RO         5095    i.resetInfoFile     vfs.o
    0x080126cc   0x080126cc   0x0000002c   Code   RO         5169    i.resetRequestCommandInfo  gcode.o
    0x080126f8   0x080126f8   0x00000028   Code   RO         6444    i.resumeToPause     printing.o
    0x08012720   0x08012720   0x00000030   Code   RO         5096    i.scanPrintFiles    vfs.o
    0x08012750   0x08012750   0x000001dc   Code   RO         4700    i.scanPrintFilesFatFs  myfatfs.o
    0x0801292c   0x0801292c   0x000001e8   Code   RO         5238    i.scanPrintFilesGcodeFs  mygcodefs.o
    0x08012b14   0x08012b14   0x00000050   Code   RO         5038    i.scanUpdateFile    boot.o
    0x08012b64   0x08012b64   0x000000c0   Code   RO         5039    i.scanUpdates       boot.o
    0x08012c24   0x08012c24   0x00000090   Code   RO         6387    i.scrollFileNameCreate  print.o
    0x08012cb4   0x08012cb4   0x0000044c   Code   RO         4900    i.sendQueueCmd      interfacecmd.o
    0x08013100   0x08013100   0x0000000c   Code   RO         6445    i.setPrintCur       printing.o
    0x0801310c   0x0801310c   0x00000114   Code   RO         6446    i.setPrintPause     printing.o
    0x08013220   0x08013220   0x00000030   Code   RO         6448    i.setPrintingTime   printing.o
    0x08013250   0x08013250   0x00000058   Code   RO         5785    i.showBabyStep      babystep.o
    0x080132a8   0x080132a8   0x00000094   Code   RO         5869    i.showExtrudeCoordinate  extrude.o
    0x0801333c   0x0801333c   0x000000e8   Code   RO         5920    i.showFanSpeed      fan.o
    0x08013424   0x08013424   0x000000ac   Code   RO         6597    i.showPercentage    speed.o
    0x080134d0   0x080134d0   0x0000018c   Code   RO         5993    i.showTemperature   heat.o
    0x0801365c   0x0801365c   0x00000010   Code   RO         6598    i.speedGetPercent   speed.o
    0x0801366c   0x0801366c   0x00000020   Code   RO         6599    i.speedSetPercent   speed.o
    0x0801368c   0x0801368c   0x0000000c   Code   RO         6600    i.speedSetSendWaiting  speed.o
    0x08013698   0x08013698   0x00000024   Code   RO         4379    i.st_clust          ff.o
    0x080136bc   0x080136bc   0x00000018   Code   RO         4380    i.st_dword          ff.o
    0x080136d4   0x080136d4   0x0000005c   Code   RO         4381    i.st_qword          ff.o
    0x08013730   0x08013730   0x0000000c   Code   RO         4382    i.st_word           ff.o
    0x0801373c   0x0801373c   0x00000002   Code   RO         6449    i.startGcodeExecute  printing.o
    0x0801373e   0x0801373e   0x00000002   PAD
    0x08013740   0x08013740   0x0000005c   Code   RO         4901    i.storeCmd          interfacecmd.o
    0x0801379c   0x0801379c   0x0000006c   Code   RO         4875    i.storePara         flashstore.o
    0x08013808   0x08013808   0x00000072   Code   RO         4383    i.store_xdir        ff.o
    0x0801387a   0x0801387a   0x0000001c   Code   RO         6878    i.strtod            m_ws.l(strtod.o)
    0x08013896   0x08013896   0x00000020   Code   RO         4384    i.sum_sfn           ff.o
    0x080138b6   0x080138b6   0x00000002   PAD
    0x080138b8   0x080138b8   0x00000090   Code   RO         4385    i.sync_fs           ff.o
    0x08013948   0x08013948   0x00000052   Code   RO         4386    i.sync_window       ff.o
    0x0801399a   0x0801399a   0x00000002   PAD
    0x0801399c   0x0801399c   0x0000006c   Code   RO         5994    i.targetReDraw      heat.o
    0x08013a08   0x08013a08   0x00000050   Code   RO         5267    i.textSelect        language.o
    0x08013a58   0x08013a58   0x00000130   Code   RO         5040    i.updateFont        boot.o
    0x08013b88   0x08013b88   0x000000e4   Code   RO         5041    i.updateIcon        boot.o
    0x08013c6c   0x08013c6c   0x0000003c   Code   RO         4387    i.validate          ff.o
    0x08013ca8   0x08013ca8   0x00000040   Code   RO         6160    i.volumeReminderMessage  menu.o
    0x08013ce8   0x08013ce8   0x00000048   Code   RO         6264    i.windowReDrawButton  popup.o
    0x08013d30   0x08013d30   0x0000003a   Code   RO         4388    i.xdir_sum          ff.o
    0x08013d6a   0x08013d6a   0x0000004c   Code   RO         4389    i.xname_sum         ff.o
    0x08013db6   0x08013db6   0x00000002   PAD
    0x08013db8   0x08013db8   0x00000046   Data   RO         3644    .constdata          spi.o
    0x08013dfe   0x08013dfe   0x00000002   PAD
    0x08013e00   0x08013e00   0x00000068   Data   RO         3724    .constdata          usart.o
    0x08013e68   0x08013e68   0x000002e2   Data   RO         4298    .constdata          cc936.o
    0x0801414a   0x0801414a   0x00000002   PAD
    0x0801414c   0x0801414c   0x00000040   Data   RO         4391    .constdata          ff.o
    0x0801418c   0x0801418c   0x00000004   Data   RO         4821    .constdata          coordinate.o
    0x08014190   0x08014190   0x00000034   Data   RO         4994    .constdata          parseack.o
    0x080141c4   0x080141c4   0x000004b8   Data   RO         5042    .constdata          boot.o
    0x0801467c   0x0801467c   0x0000003c   Data   RO         5097    .constdata          vfs.o
    0x080146b8   0x080146b8   0x00000034   Data   RO         5171    .constdata          gcode.o
    0x080146ec   0x080146ec   0x000007fc   Data   RO         5268    .constdata          language.o
    0x08014ee8   0x08014ee8   0x0000005c   Data   RO         5356    .constdata          gui.o
    0x08014f44   0x08014f44   0x0000004c   Data   RO         5600    .constdata          touch_process.o
    0x08014f90   0x08014f90   0x0000004c   Data   RO         5787    .constdata          babystep.o
    0x08014fdc   0x08014fdc   0x0000005b   Data   RO         5870    .constdata          extrude.o
    0x08015037   0x08015037   0x00000001   PAD
    0x08015038   0x08015038   0x0000005c   Data   RO         5921    .constdata          fan.o
    0x08015094   0x08015094   0x0000008c   Data   RO         5995    .constdata          heat.o
    0x08015120   0x08015120   0x00000056   Data   RO         6113    .constdata          home.o
    0x08015176   0x08015176   0x00000056   Data   RO         6131    .constdata          mainpage.o
    0x080151cc   0x080151cc   0x000000ec   Data   RO         6161    .constdata          menu.o
    0x080152b8   0x080152b8   0x0000004c   Data   RO         6244    .constdata          move.o
    0x08015304   0x08015304   0x0000003c   Data   RO         6265    .constdata          popup.o
    0x08015340   0x08015340   0x00000044   Data   RO         6309    .constdata          powerfailed.o
    0x08015384   0x08015384   0x00000040   Data   RO         6389    .constdata          print.o
    0x080153c4   0x080153c4   0x00000054   Data   RO         6451    .constdata          printing.o
    0x08015418   0x08015418   0x00000054   Data   RO         6601    .constdata          speed.o
    0x0801546c   0x0801546c   0x00000044   Data   RO         6645    .constdata          settings.o
    0x080154b0   0x080154b0   0x00000028   Data   RO         6740    .constdata          my_misc.o
    0x080154d8   0x080154d8   0x00000081   Data   RO         7293    .constdata          mc_w.l(ctype_o.o)
    0x08015559   0x08015559   0x00000003   PAD
    0x0801555c   0x0801555c   0x00000004   Data   RO         7294    .constdata          mc_w.l(ctype_o.o)
    0x08015560   0x08015560   0x00000026   Data   RO         4392    .conststring        ff.o
    0x08015586   0x08015586   0x00000002   PAD
    0x08015588   0x08015588   0x00000d85   Data   RO         5269    .conststring        language.o
    0x0801630d   0x0801630d   0x00000003   PAD
    0x08016310   0x08016310   0x0000002f   Data   RO         5871    .conststring        extrude.o
    0x0801633f   0x0801633f   0x00000001   PAD
    0x08016340   0x08016340   0x0000005d   Data   RO         5922    .conststring        fan.o
    0x0801639d   0x0801639d   0x00000003   PAD
    0x080163a0   0x080163a0   0x00000090   Data   RO         5996    .conststring        heat.o
    0x08016430   0x08016430   0x0000000d   Data   RO         6602    .conststring        speed.o
    0x0801643d   0x0801643d   0x00000003   PAD
    0x08016440   0x08016440   0x00000020   Data   RO         7363    Region$$Table       anon$$obj.o


    Execution Region RW_IRAM1 (Exec base: 0x20000000, Load base: 0x08016460, Size: 0x0000b910, Max: 0x0000c000, ABSOLUTE, COMPRESSED[0x0000025c])

    Exec Addr    Load Addr    Size         Type   Attr      Idx    E Section Name        Object

    0x20000000   COMPRESSED   0x00000014   Data   RW         1837    .data               stm32f10x_rcc.o
    0x20000014   COMPRESSED   0x00000001   Data   RW         3529    .data               sd.o
    0x20000015   COMPRESSED   0x00000003   PAD
    0x20000018   COMPRESSED   0x0000001e   Data   RW         3645    .data               spi.o
    0x20000036   COMPRESSED   0x00000002   PAD
    0x20000038   COMPRESSED   0x00000014   Data   RW         3725    .data               usart.o
    0x2000004c   COMPRESSED   0x00000004   Data   RW         3961    .data               serial.o
    0x20000050   COMPRESSED   0x0000000a   Data   RW         4393    .data               ff.o
    0x2000005a   COMPRESSED   0x00000002   PAD
    0x2000005c   COMPRESSED   0x00000006   Data   RW         4703    .data               myfatfs.o
    0x20000062   COMPRESSED   0x00000002   Data   RW         4755    .data               diskio.o
    0x20000064   COMPRESSED   0x00000016   Data   RW         4822    .data               coordinate.o
    0x2000007a   COMPRESSED   0x00000001   Data   RW         4904    .data               interfacecmd.o
    0x2000007b   COMPRESSED   0x00000001   PAD
    0x2000007c   COMPRESSED   0x00000002   Data   RW         4995    .data               parseack.o
    0x2000007e   COMPRESSED   0x00000002   PAD
    0x20000080   COMPRESSED   0x00000c14   Data   RW         5098    .data               vfs.o
    0x20000c94   COMPRESSED   0x00000004   Data   RW         5172    .data               gcode.o
    0x20000c98   COMPRESSED   0x0000000e   Data   RW         5357    .data               gui.o
    0x20000ca6   COMPRESSED   0x00000002   PAD
    0x20000ca8   COMPRESSED   0x00000018   Data   RW         5601    .data               touch_process.o
    0x20000cc0   COMPRESSED   0x00000009   Data   RW         5720    .data               st7920_simulator.o
    0x20000cc9   COMPRESSED   0x00000003   PAD
    0x20000ccc   COMPRESSED   0x00000028   Data   RW         5788    .data               babystep.o
    0x20000cf4   COMPRESSED   0x0000005c   Data   RW         5872    .data               extrude.o
    0x20000d50   COMPRESSED   0x00000033   Data   RW         5923    .data               fan.o
    0x20000d83   COMPRESSED   0x00000001   PAD
    0x20000d84   COMPRESSED   0x00000094   Data   RW         5997    .data               heat.o
    0x20000e18   COMPRESSED   0x00000034   Data   RW         6162    .data               menu.o
    0x20000e4c   COMPRESSED   0x00000023   Data   RW         6245    .data               move.o
    0x20000e6f   COMPRESSED   0x00000001   PAD
    0x20000e70   COMPRESSED   0x0000007a   Data   RW         6266    .data               popup.o
    0x20000eea   COMPRESSED   0x00000002   PAD
    0x20000eec   COMPRESSED   0x00000008   Data   RW         6310    .data               powerfailed.o
    0x20000ef4   COMPRESSED   0x00000074   Data   RW         6390    .data               print.o
    0x20000f68   COMPRESSED   0x00000030   Data   RW         6452    .data               printing.o
    0x20000f98   COMPRESSED   0x0000002e   Data   RW         6603    .data               speed.o
    0x20000fc6   COMPRESSED   0x00000002   PAD
    0x20000fc8   COMPRESSED   0x0000002b   Data   RW         6646    .data               settings.o
    0x20000ff3   COMPRESSED   0x00000001   PAD
    0x20000ff4   COMPRESSED   0x00000003   Data   RW         6706    .data               delay.o
    0x20000ff7   COMPRESSED   0x00000001   PAD
    0x20000ff8   COMPRESSED   0x00000004   Data   RW         6787    .data               os_timer.o
    0x20000ffc   COMPRESSED   0x00000004   Data   RW         6835    .data               main_1.o
    0x20001000   COMPRESSED   0x00000004   Data   RW         6908    .data               mc_w.l(strtok_r.o)
    0x20001004   COMPRESSED   0x00000004   Data   RW         7320    .data               mc_w.l(mvars.o)
    0x20001008   COMPRESSED   0x00000004   Data   RW         7321    .data               mc_w.l(mvars.o)
    0x2000100c   COMPRESSED   0x00000004   Data   RW         7325    .data               mc_w.l(errno.o)
    0x20001010        -       0x00000020   Zero   RW         3856    .bss                xpt2046.o
    0x20001030        -       0x00002804   Zero   RW         3906    .bss                spi_slave.o
    0x20003834        -       0x00000410   Zero   RW         4168    .bss                usbh_msc_scsi.o
    0x20003c44        -       0x00000644   Zero   RW         4210    .bss                usbh_usr.o
    0x20004288        -       0x00000460   Zero   RW         4390    .bss                ff.o
    0x200046e8        -       0x00000590   Zero   RW         4701    .bss                myfatfs.o
    0x20004c78        -       0x00000fa6   Zero   RW         4902    .bss                interfacecmd.o
    0x20005c1e        -       0x0000012c   Zero   RW         4993    .bss                parseack.o
    0x20005d4a        -       0x0000151c   Zero   RW         5170    .bss                gcode.o
    0x20007266   COMPRESSED   0x00000002   PAD
    0x20007268        -       0x0000001c   Zero   RW         5599    .bss                touch_process.o
    0x20007284        -       0x00000040   Zero   RW         5718    .bss                st7920_simulator.o
    0x200072c4        -       0x0000000c   Zero   RW         5786    .bss                babystep.o
    0x200072d0        -       0x00000378   Zero   RW         6308    .bss                powerfailed.o
    0x20007648        -       0x00000038   Zero   RW         6388    .bss                print.o
    0x20007680        -       0x00000260   Zero   RW         6450    .bss                printing.o
    0x200078e0        -       0x0000002c   Zero   RW         6833    .bss                main_1.o
    0x2000790c   COMPRESSED   0x00000004   PAD
    0x20007910        -       0x00002000   Zero   RW            2    HEAP                startup_stm32f10x_cl.o
    0x20009910        -       0x00002000   Zero   RW            1    STACK               startup_stm32f10x_cl.o


==============================================================================

Image component sizes


      Code (inc. data)   RO Data    RW Data    ZI Data      Debug   Object Name

       704         94         76         40         12       5894   babystep.o
      1248        250       1208          0          0       5814   boot.o
       282         18        738          0          0       2631   cc936.o
       176         58          4         22          0       6063   coordinate.o
         0          0          0          0          0       4508   core_cm3.o
       124         12          0          3          0       1328   delay.o
       406         30          0          2          0       6256   diskio.o
       824        126        138         92          0       6077   extrude.o
       708         86        185         51          0       4592   fan.o
     12884        114        102         10       1120      60988   ff.o
       200         40          0          0          0       1253   flashstore.o
       672        224         52          4       5404       7241   gcode.o
      4986        132         92         14          0      27115   gui.o
      1884        198        284        148          0      12154   heat.o
       156         50         86          0          0       1511   home.o
      1760         92          0          1       4006       9165   interfacecmd.o
       186         22       5505          0          0       3887   language.o
       554         12          0          0          0      10688   lcd.o
       136         20          0          4         44       4406   main_1.o
       300         60         86          0          0       1571   mainpage.o
      1044         84        236         52          0      10384   menu.o
       132         22          0          0          0      12567   misc.o
       140         20          0          0          0       1151   mode.o
       452        126         76         35          0       1729   move.o
       830         20         40          0          0       5707   my_misc.o
       564         56          0          6       1424       6205   myfatfs.o
       496         58          0          0          0       1791   mygcodefs.o
       184         22          0          4          0       2115   os_timer.o
      1256        154         52          2        300       5504   parseack.o
       304         42         60        122          0       3174   popup.o
      1376        302         68          8        888       9631   powerfailed.o
      1422        110         64        116         56       4855   print.o
      3038        360         84         48        608      16113   printing.o
      1098         18          0          1          0      11132   sd.o
       338         44          0          4          0       5318   serial.o
       728        136         68         43          0       3755   settings.o
       864        100         97         46          0       4981   speed.o
       530         34         70         30          0       4434   spi.o
       420         44          0          0      10244       4331   spi_slave.o
       612         72          0          9         64       7653   st7920_simulator.o
        36          8        336          0      16384        816   startup_stm32f10x_cl.o
       148          6          0          0          0       3596   stm32f10x_exti.o
       318         32          0          0          0      11982   stm32f10x_flash.o
       282          6          0          0          0      10245   stm32f10x_fsmc.o
       512         10          0          0          0      14244   stm32f10x_gpio.o
       344         48          0         20          0      15071   stm32f10x_rcc.o
       112          0          0          0          0      11446   stm32f10x_spi.o
       344          6          0          0          0      11000   stm32f10x_usart.o
       746         28          0          0          0       4787   sw_spi.o
       328         28          0          0          0     239321   system_stm32f10x.o
      1486         52         76         24         28       9029   touch_process.o
       640         32          0          0          0       4205   ui_draw.o
       410         24        104         20          0       3784   usart.o
         0          0          0          0          0        604   usb_bsp.o
         0          0          0          0          0      17060   usbh_hcs.o
         0          0          0          0          0       8380   usbh_msc_core.o
         0          0          0          0       1040       2506   usbh_msc_scsi.o
        24          0          0          0       1604       4348   usbh_usr.o
       588         86         60       3092          0       7128   vfs.o
       612          0          0          0          0       6454   w25qxx.o
       364         24          0          0         32       4746   xpt2046.o

    ----------------------------------------------------------------------
     51384       3852      10096       4096      43264     696424   Object Totals
         0          0         32          0          0          0   (incl. Generated)
        72          0         17         23          6          0   (incl. Padding)

    ----------------------------------------------------------------------

      Code (inc. data)   RO Data    RW Data    ZI Data      Debug   Library Member Name

       220         16          0          0          0         84   floor.o
        28          0          0          0          0         80   strtod.o
        86          0          0          0          0          0   __dczerorl2.o
        28          0          0          0          0         68   _chval.o
        64          0          0          0          0         84   _sgetc.o
       158          0          0          0          0         92   _strtoul.o
         8          4        133          0          0         68   ctype_o.o
         0          0          0          0          0          0   entry.o
         0          0          0          0          0          0   entry10a.o
         0          0          0          0          0          0   entry11a.o
         8          4          0          0          0          0   entry2.o
         4          0          0          0          0          0   entry5.o
         0          0          0          0          0          0   entry7b.o
         0          0          0          0          0          0   entry8b.o
         8          4          0          0          0          0   entry9a.o
         8          4          0          4          0         68   errno.o
        30          0          0          0          0          0   handlers.o
        36          8          0          0          0         68   init.o
        18          0          0          0          0         76   isspace_o.o
         0          0          0          0          0          0   iusefp.o
        30          0          0          0          0         68   llshl.o
        36          0          0          0          0         68   llsshr.o
        32          0          0          0          0         68   llushr.o
       188         20          0          0          0        160   malloc.o
        26          0          0          0          0         80   memcmp.o
        36          0          0          0          0         68   memcpya.o
        36          0          0          0          0        108   memseta.o
         0          0          0          8          0          0   mvars.o
       490         10          0          0          0        252   printf3.o
       878         12          0          0          0        216   scanf_fp.o
        24          0          0          0          0         68   strcat.o
        20          0          0          0          0         68   strchr.o
        28          0          0          0          0         76   strcmp.o
        18          0          0          0          0         68   strcpy.o
        14          0          0          0          0         68   strlen.o
        36          0          0          0          0         80   strstr.o
       156         12          0          0          0        120   strtod.o
        68          4          0          4          0         96   strtok_r.o
       112          0          0          0          0         88   strtol.o
        44          0          0          0          0         80   uidiv.o
        98          0          0          0          0         92   uldiv.o
        48          0          0          0          0         68   cdrcmple.o
        20          0          0          0          0         68   cfcmple.o
        20          0          0          0          0         68   cfrcmple.o
        56          0          0          0          0         88   d2f.o
       334          0          0          0          0        148   dadd.o
       222          0          0          0          0        100   ddiv.o
       186          0          0          0          0        176   depilogue.o
        62          0          0          0          0         80   dfixi.o
        50          0          0          0          0         76   dfixui.o
        34          0          0          0          0         76   dflti.o
        26          0          0          0          0         76   dfltui.o
        24          0          0          0          0         76   dfltul.o
       228          0          0          0          0         96   dmul.o
        38          0          0          0          0         68   f2d.o
       176          0          0          0          0        140   fadd.o
       124          0          0          0          0         88   fdiv.o
       110          0          0          0          0        168   fepilogue.o
        50          0          0          0          0         68   ffixi.o
        40          0          0          0          0         68   ffixui.o
        10          0          0          0          0         68   ffltui.o
       100          0          0          0          0         76   fmul.o

    ----------------------------------------------------------------------
      5040         98        136         16          0       4620   Library Totals
         8          0          3          0          0          0   (incl. Padding)

    ----------------------------------------------------------------------

      Code (inc. data)   RO Data    RW Data    ZI Data      Debug   Library Name

       248         16          0          0          0        164   m_ws.l
      2826         82        133         16          0       2516   mc_w.l
      1958          0          0          0          0       1940   mf_w.l

    ----------------------------------------------------------------------
      5040         98        136         16          0       4620   Library Totals

    ----------------------------------------------------------------------

==============================================================================


      Code (inc. data)   RO Data    RW Data    ZI Data      Debug   

     56424       3950      10232       4112      43264     678448   Grand Totals
     56424       3950      10232        604      43264     678448   ELF Image Totals (compressed)
     56424       3950      10232        604          0          0   ROM Totals

==============================================================================

    Total RO  Size (Code + RO Data)                66656 (  65.09kB)
    Total RW  Size (RW Data + ZI Data)             47376 (  46.27kB)
    Total ROM Size (Code + RO Data + RW Data)      67260 (  65.68kB)

==============================================================================

